Component: ARM Compiler 5.06 update 6 (build 750) Tool: armlink [4d35ed]

==============================================================================

Section Cross References

    startup_stm32f103xb.o(STACK) refers (Special) to heapauxi.o(.text) for __use_two_region_memory
    startup_stm32f103xb.o(HEAP) refers (Special) to heapauxi.o(.text) for __use_two_region_memory
    startup_stm32f103xb.o(RESET) refers (Special) to heapauxi.o(.text) for __use_two_region_memory
    startup_stm32f103xb.o(RESET) refers to startup_stm32f103xb.o(STACK) for __initial_sp
    startup_stm32f103xb.o(RESET) refers to startup_stm32f103xb.o(.text) for Reset_Handler
    startup_stm32f103xb.o(RESET) refers to stm32f1xx_it.o(i.NMI_Handler) for NMI_Handler
    startup_stm32f103xb.o(RESET) refers to stm32f1xx_it.o(i.HardFault_Handler) for HardFault_Handler
    startup_stm32f103xb.o(RESET) refers to stm32f1xx_it.o(i.MemManage_Handler) for MemManage_Handler
    startup_stm32f103xb.o(RESET) refers to stm32f1xx_it.o(i.BusFault_Handler) for BusFault_Handler
    startup_stm32f103xb.o(RESET) refers to stm32f1xx_it.o(i.UsageFault_Handler) for UsageFault_Handler
    startup_stm32f103xb.o(RESET) refers to stm32f1xx_it.o(i.SVC_Handler) for SVC_Handler
    startup_stm32f103xb.o(RESET) refers to stm32f1xx_it.o(i.DebugMon_Handler) for DebugMon_Handler
    startup_stm32f103xb.o(RESET) refers to stm32f1xx_it.o(i.PendSV_Handler) for PendSV_Handler
    startup_stm32f103xb.o(RESET) refers to stm32f1xx_it.o(i.SysTick_Handler) for SysTick_Handler
    startup_stm32f103xb.o(RESET) refers to stm32f1xx_it.o(i.USART2_IRQHandler) for USART2_IRQHandler
    startup_stm32f103xb.o(.text) refers (Special) to heapauxi.o(.text) for __use_two_region_memory
    startup_stm32f103xb.o(.text) refers to system_stm32f1xx.o(i.SystemInit) for SystemInit
    startup_stm32f103xb.o(.text) refers to __main.o(!!!main) for __main
    startup_stm32f103xb.o(.text) refers to startup_stm32f103xb.o(HEAP) for Heap_Mem
    startup_stm32f103xb.o(.text) refers to startup_stm32f103xb.o(STACK) for Stack_Mem
    main.o(i.SystemClock_Config) refers to rt_memclr_w.o(.text) for __aeabi_memclr4
    main.o(i.SystemClock_Config) refers to stm32f1xx_hal_rcc.o(i.HAL_RCC_OscConfig) for HAL_RCC_OscConfig
    main.o(i.SystemClock_Config) refers to stm32f1xx_hal_rcc.o(i.HAL_RCC_ClockConfig) for HAL_RCC_ClockConfig
    main.o(i.main) refers to stm32f1xx_hal.o(i.HAL_Init) for HAL_Init
    main.o(i.main) refers to main.o(i.SystemClock_Config) for SystemClock_Config
    main.o(i.main) refers to gpio.o(i.MX_GPIO_Init) for MX_GPIO_Init
    main.o(i.main) refers to usart.o(i.MX_USART2_UART_Init) for MX_USART2_UART_Init
    main.o(i.main) refers to usart.o(i.MX_USART1_UART_Init) for MX_USART1_UART_Init
    main.o(i.main) refers to spi.o(i.MX_SPI2_Init) for MX_SPI2_Init
    main.o(i.main) refers to tim.o(i.MX_TIM2_Init) for MX_TIM2_Init
    main.o(i.main) refers to stm32f1xx_hal_uart.o(i.HAL_UART_Receive_IT) for HAL_UART_Receive_IT
    main.o(i.main) refers to esp8266.o(.data) for ch
    main.o(i.main) refers to usart.o(.bss) for huart1
    gpio.o(i.MX_GPIO_Init) refers to stm32f1xx_hal_gpio.o(i.HAL_GPIO_WritePin) for HAL_GPIO_WritePin
    gpio.o(i.MX_GPIO_Init) refers to stm32f1xx_hal_gpio.o(i.HAL_GPIO_Init) for HAL_GPIO_Init
    spi.o(i.HAL_SPI_MspDeInit) refers to stm32f1xx_hal_gpio.o(i.HAL_GPIO_DeInit) for HAL_GPIO_DeInit
    spi.o(i.HAL_SPI_MspInit) refers to stm32f1xx_hal_gpio.o(i.HAL_GPIO_Init) for HAL_GPIO_Init
    spi.o(i.MX_SPI2_Init) refers to stm32f1xx_hal_spi.o(i.HAL_SPI_Init) for HAL_SPI_Init
    spi.o(i.MX_SPI2_Init) refers to main.o(i.Error_Handler) for Error_Handler
    spi.o(i.MX_SPI2_Init) refers to spi.o(.bss) for .bss
    tim.o(i.HAL_TIM_MspPostInit) refers to stm32f1xx_hal_gpio.o(i.HAL_GPIO_Init) for HAL_GPIO_Init
    tim.o(i.MX_TIM2_Init) refers to rt_memclr_w.o(.text) for __aeabi_memclr4
    tim.o(i.MX_TIM2_Init) refers to stm32f1xx_hal_tim.o(i.HAL_TIM_PWM_Init) for HAL_TIM_PWM_Init
    tim.o(i.MX_TIM2_Init) refers to main.o(i.Error_Handler) for Error_Handler
    tim.o(i.MX_TIM2_Init) refers to stm32f1xx_hal_tim_ex.o(i.HAL_TIMEx_MasterConfigSynchronization) for HAL_TIMEx_MasterConfigSynchronization
    tim.o(i.MX_TIM2_Init) refers to stm32f1xx_hal_tim.o(i.HAL_TIM_PWM_ConfigChannel) for HAL_TIM_PWM_ConfigChannel
    tim.o(i.MX_TIM2_Init) refers to tim.o(i.HAL_TIM_MspPostInit) for HAL_TIM_MspPostInit
    tim.o(i.MX_TIM2_Init) refers to tim.o(.bss) for .bss
    usart.o(i.HAL_UART_MspDeInit) refers to stm32f1xx_hal_gpio.o(i.HAL_GPIO_DeInit) for HAL_GPIO_DeInit
    usart.o(i.HAL_UART_MspDeInit) refers to stm32f1xx_hal_cortex.o(i.HAL_NVIC_DisableIRQ) for HAL_NVIC_DisableIRQ
    usart.o(i.HAL_UART_MspInit) refers to stm32f1xx_hal_gpio.o(i.HAL_GPIO_Init) for HAL_GPIO_Init
    usart.o(i.HAL_UART_MspInit) refers to stm32f1xx_hal_cortex.o(i.HAL_NVIC_SetPriority) for HAL_NVIC_SetPriority
    usart.o(i.HAL_UART_MspInit) refers to stm32f1xx_hal_cortex.o(i.HAL_NVIC_EnableIRQ) for HAL_NVIC_EnableIRQ
[...]
    ../clib/printf.c                         0x00000000   Number         0  __printf.o ABSOLUTE
    ../clib/printf.c                         0x00000000   Number         0  noretval__2sprintf.o ABSOLUTE
    ../clib/printf.c                         0x00000000   Number         0  _printf_fp_dec.o ABSOLUTE
    ../clib/printf.c                         0x00000000   Number         0  _printf_intcommon.o ABSOLUTE
    ../clib/printf.c                         0x00000000   Number         0  noretval__2printf.o ABSOLUTE
    ../clib/printf.c                         0x00000000   Number         0  __2sprintf.o ABSOLUTE
    ../clib/printf.c                         0x00000000   Number         0  __2printf.o ABSOLUTE
    ../clib/printf.c                         0x00000000   Number         0  __printf_nopercent.o ABSOLUTE
    ../clib/printf.c                         0x00000000   Number         0  _printf_fp_infnan.o ABSOLUTE
    ../clib/printf.c                         0x00000000   Number         0  _printf_char_file.o ABSOLUTE
    ../clib/printf.c                         0x00000000   Number         0  __printf_wp.o ABSOLUTE
    ../clib/printf.c                         0x00000000   Number         0  _printf_dec.o ABSOLUTE
    ../clib/printf.c                         0x00000000   Number         0  _printf_str.o ABSOLUTE
    ../clib/printf.c                         0x00000000   Number         0  _printf_char.o ABSOLUTE
    ../clib/printf.c                         0x00000000   Number         0  __printf_ss_wp.o ABSOLUTE
    ../clib/printf.c                         0x00000000   Number         0  _sputc.o ABSOLUTE
    ../clib/printf.c                         0x00000000   Number         0  _printf_char_common.o ABSOLUTE
    ../clib/printf.c                         0x00000000   Number         0  __printf_flags_ss_wp.o ABSOLUTE
    ../clib/printf.c                         0x00000000   Number         0  __printf_flags_wp.o ABSOLUTE
    ../clib/printf.c                         0x00000000   Number         0  __printf_flags_ss.o ABSOLUTE
    ../clib/printf.c                         0x00000000   Number         0  __printf_ss.o ABSOLUTE
    ../clib/printf.c                         0x00000000   Number         0  __printf_flags.o ABSOLUTE
    ../clib/printf_percent.s                 0x00000000   Number         0  _printf_percent_end.o ABSOLUTE
    ../clib/printf_percent.s                 0x00000000   Number         0  _printf_percent.o ABSOLUTE
    ../clib/printf_percent.s                 0x00000000   Number         0  _printf_f.o ABSOLUTE
    ../clib/printf_percent.s                 0x00000000   Number         0  _printf_d.o ABSOLUTE
    ../clib/printf_percent.s                 0x00000000   Number         0  _printf_s.o ABSOLUTE
    ../clib/signal.c                         0x00000000   Number         0  defsig_rtred_outer.o ABSOLUTE
    ../clib/signal.c                         0x00000000   Number         0  defsig_exit.o ABSOLUTE
    ../clib/signal.c                         0x00000000   Number         0  defsig_rtmem_inner.o ABSOLUTE
    ../clib/signal.c                         0x00000000   Number         0  __raise.o ABSOLUTE
    ../clib/signal.c                         0x00000000   Number         0  defsig_general.o ABSOLUTE
    ../clib/signal.c                         0x00000000   Number         0  defsig_rtred_inner.o ABSOLUTE
    ../clib/signal.c                         0x00000000   Number         0  defsig_abrt_inner.o ABSOLUTE
    ../clib/signal.c                         0x00000000   Number         0  defsig_rtmem_formal.o ABSOLUTE
    ../clib/signal.c                         0x00000000   Number         0  defsig_fpe_inner.o ABSOLUTE
    ../clib/signal.c                         0x00000000   Number         0  defsig_rtmem_outer.o ABSOLUTE
    ../clib/signal.c                         0x00000000   Number         0  defsig_stak_inner.o ABSOLUTE
    ../clib/signal.c                         0x00000000   Number         0  defsig_pvfn_inner.o ABSOLUTE
    ../clib/signal.c                         0x00000000   Number         0  defsig_cppl_inner.o ABSOLUTE
    ../clib/signal.c                         0x00000000   Number         0  defsig_segv_inner.o ABSOLUTE
    ../clib/signal.c                         0x00000000   Number         0  defsig_other.o ABSOLUTE
    ../clib/signal.c                         0x00000000   Number         0  defsig_rtred_formal.o ABSOLUTE
    ../clib/signal.s                         0x00000000   Number         0  defsig.o ABSOLUTE
    ../clib/stdio.c                          0x00000000   Number         0  fopen_locked.o ABSOLUTE
    ../clib/stdio.c                          0x00000000   Number         0  initio_locked.o ABSOLUTE
    ../clib/stdio.c                          0x00000000   Number         0  setvbuf_locked.o ABSOLUTE
    ../clib/stdio.c                          0x00000000   Number         0  fseek.o ABSOLUTE
    ../clib/stdio.c                          0x00000000   Number         0  stdio.o ABSOLUTE
    ../clib/stdio.c                          0x00000000   Number         0  fclose.o ABSOLUTE
    ../clib/stdio.c                          0x00000000   Number         0  fopen.o ABSOLUTE
    ../clib/stdio.c                          0x00000000   Number         0  streamlock.o ABSOLUTE
    ../clib/stdio.c                          0x00000000   Number         0  setvbuf.o ABSOLUTE
    ../clib/stdio.c                          0x00000000   Number         0  ftell.o ABSOLUTE
    ../clib/stdio.c                          0x00000000   Number         0  stdio_streams.o ABSOLUTE
    ../clib/stdio.c                          0x00000000   Number         0  ferror_locked.o ABSOLUTE
    ../clib/stdio.c                          0x00000000   Number         0  ferror.o ABSOLUTE
    ../clib/stdio.c                          0x00000000   Number         0  initio.o ABSOLUTE
    ../clib/stdlib.c                         0x00000000   Number         0  exit.o ABSOLUTE
    ../clib/string.c                         0x00000000   Number         0  strstr.o ABSOLUTE
    ../clib/string.c                         0x00000000   Number         0  strchr.o ABSOLUTE
    ../clib/string.c                         0x00000000   Number         0  strlen.o ABSOLUTE
    ../fplib/fpinit.s                        0x00000000   Number         0  fpinit.o ABSOLUTE
    ../fplib/istatus.s                       0x00000000   Number         0  istatus.o ABSOLUTE
    ../fplib/printf1.s                       0x00000000   Number         0  printf1.o ABSOLUTE
    ../fplib/usenofp.s                       0x00000000   Number         0  usenofp.o ABSOLUTE
    ../mathlib/fpclassify.c                  0x00000000   Number         0  fpclassify.o ABSOLUTE
    ..\Core\Src\delay.c                      0x00000000   Number         0  delay.o ABSOLUTE
    ..\Core\Src\gpio.c                       0x00000000   Number         0  gpio.o ABSOLUTE
    ..\Core\Src\main.c                       0x00000000   Number         0  main.o ABSOLUTE
    ..\Core\Src\spi.c                        0x00000000   Number         0  spi.o ABSOLUTE
    ..\Core\Src\stm32f1xx_hal_msp.c          0x00000000   Number         0  stm32f1xx_hal_msp.o ABSOLUTE
    ..\Core\Src\stm32f1xx_it.c               0x00000000   Number         0  stm32f1xx_it.o ABSOLUTE
    ..\Core\Src\system_stm32f1xx.c           0x00000000   Number         0  system_stm32f1xx.o ABSOLUTE
    ..\Core\Src\tim.c                        0x00000000   Number         0  tim.o ABSOLUTE
    ..\Core\Src\usart.c                      0x00000000   Number         0  usart.o ABSOLUTE
    ..\Drivers\STM32F1xx_HAL_Driver\Src\stm32f1xx_hal.c 0x00000000   Number         0  stm32f1xx_hal.o ABSOLUTE
    ..\Drivers\STM32F1xx_HAL_Driver\Src\stm32f1xx_hal_cortex.c 0x00000000   Number         0  stm32f1xx_hal_cortex.o ABSOLUTE
    ..\Drivers\STM32F1xx_HAL_Driver\Src\stm32f1xx_hal_dma.c 0x00000000   Number         0  stm32f1xx_hal_dma.o ABSOLUTE
    ..\Drivers\STM32F1xx_HAL_Driver\Src\stm32f1xx_hal_exti.c 0x00000000   Number         0  stm32f1xx_hal_exti.o ABSOLUTE
    ..\Drivers\STM32F1xx_HAL_Driver\Src\stm32f1xx_hal_flash.c 0x00000000   Number         0  stm32f1xx_hal_flash.o ABSOLUTE
    ..\Drivers\STM32F1xx_HAL_Driver\Src\stm32f1xx_hal_flash_ex.c 0x00000000   Number         0  stm32f1xx_hal_flash_ex.o ABSOLUTE
    ..\Drivers\STM32F1xx_HAL_Driver\Src\stm32f1xx_hal_gpio.c 0x00000000   Number         0  stm32f1xx_hal_gpio.o ABSOLUTE
    ..\Drivers\STM32F1xx_HAL_Driver\Src\stm32f1xx_hal_gpio_ex.c 0x00000000   Number         0  stm32f1xx_hal_gpio_ex.o ABSOLUTE
    ..\Drivers\STM32F1xx_HAL_Driver\Src\stm32f1xx_hal_pwr.c 0x00000000   Number         0  stm32f1xx_hal_pwr.o ABSOLUTE
    ..\Drivers\STM32F1xx_HAL_Driver\Src\stm32f1xx_hal_rcc.c 0x00000000   Number         0  stm32f1xx_hal_rcc.o ABSOLUTE
    ..\Drivers\STM32F1xx_HAL_Driver\Src\stm32f1xx_hal_rcc_ex.c 0x00000000   Number         0  stm32f1xx_hal_rcc_ex.o ABSOLUTE
    ..\Drivers\STM32F1xx_HAL_Driver\Src\stm32f1xx_hal_spi.c 0x00000000   Number         0  stm32f1xx_hal_spi.o ABSOLUTE
    ..\Drivers\STM32F1xx_HAL_Driver\Src\stm32f1xx_hal_tim.c 0x00000000   Number         0  stm32f1xx_hal_tim.o ABSOLUTE
    ..\Drivers\STM32F1xx_HAL_Driver\Src\stm32f1xx_hal_tim_ex.c 0x00000000   Number         0  stm32f1xx_hal_tim_ex.o ABSOLUTE
    ..\Drivers\STM32F1xx_HAL_Driver\Src\stm32f1xx_hal_uart.c 0x00000000   Number         0  stm32f1xx_hal_uart.o ABSOLUTE
    ..\User\Config\DEV_Config.c              0x00000000   Number         0  dev_config.o ABSOLUTE
    ..\User\Fonts\font12.c                   0x00000000   Number         0  font12.o ABSOLUTE
    ..\User\Fonts\font12CN.c                 0x00000000   Number         0  font12cn.o ABSOLUTE
    ..\User\Fonts\font16.c                   0x00000000   Number         0  font16.o ABSOLUTE
    ..\User\Fonts\font20.c                   0x00000000   Number         0  font20.o ABSOLUTE
    ..\User\Fonts\font24.c                   0x00000000   Number         0  font24.o ABSOLUTE
    ..\User\Fonts\font24CN.c                 0x00000000   Number         0  font24cn.o ABSOLUTE
    ..\User\Fonts\font8.c                    0x00000000   Number         0  font8.o ABSOLUTE
    ..\User\GUI_DEV\GUI_Paint.c              0x00000000   Number         0  gui_paint.o ABSOLUTE
    ..\User\LCD\LCD_1inch28.c                0x00000000   Number         0  lcd_1inch28.o ABSOLUTE
    ..\User\example\LCD_1inch28_test.c       0x00000000   Number         0  lcd_1inch28_test.o ABSOLUTE
    ..\User\image\image.c                    0x00000000   Number         0  image.o ABSOLUTE
    ..\\Core\\Src\\delay.c                   0x00000000   Number         0  delay.o ABSOLUTE
    ..\\User\\Config\\DEV_Config.c           0x00000000   Number         0  dev_config.o ABSOLUTE
    ..\\User\\GUI_DEV\\GUI_Paint.c           0x00000000   Number         0  gui_paint.o ABSOLUTE
    ..\\User\\LCD\\LCD_1inch28.c             0x00000000   Number         0  lcd_1inch28.o ABSOLUTE
    ..\\User\\example\\LCD_1inch28_test.c    0x00000000   Number         0  lcd_1inch28_test.o ABSOLUTE
    ..\\net\\device\\src\\esp8266.c          0x00000000   Number         0  esp8266.o ABSOLUTE
    ..\net\device\src\esp8266.c              0x00000000   Number         0  esp8266.o ABSOLUTE
    dc.s                                     0x00000000   Number         0  dc.o ABSOLUTE
    startup_stm32f103xb.s                    0x00000000   Number         0  startup_stm32f103xb.o ABSOLUTE
    RESET                                    0x08000000   Section      236  startup_stm32f103xb.o(RESET)
    !!!main                                  0x080000ec   Section        8  __main.o(!!!main)
    !!!scatter                               0x080000f4   Section       52  __scatter.o(!!!scatter)
    !!handler_copy                           0x08000128   Section       26  __scatter_copy.o(!!handler_copy)
    !!handler_zi                             0x08000144   Section       28  __scatter_zi.o(!!handler_zi)
    .ARM.Collect$$_printf_percent$$00000000  0x08000160   Section        0  _printf_percent.o(.ARM.Collect$$_printf_percent$$00000000)
    .ARM.Collect$$_printf_percent$$00000014  0x08000160   Section        6  _printf_s.o(.ARM.Collect$$_printf_percent$$00000014)
    .ARM.Collect$$_printf_percent$$00000017  0x08000166   Section        4  _printf_percent_end.o(.ARM.Collect$$_printf_percent$$00000017)
    .ARM.Collect$$libinit$$00000000          0x0800016a   Section        2  libinit.o(.ARM.Collect$$libinit$$00000000)
    .ARM.Collect$$libinit$$00000002          0x0800016c   Section        0  libinit2.o(.ARM.Collect$$libinit$$00000002)
    .ARM.Collect$$libinit$$00000004          0x0800016c   Section        0  libinit2.o(.ARM.Collect$$libinit$$00000004)
    .ARM.Collect$$libinit$$00000005          0x0800016c   Section        8  libinit2.o(.ARM.Collect$$libinit$$00000005)
    .ARM.Collect$$libinit$$0000000A          0x08000174   Section        0  libinit2.o(.ARM.Collect$$libinit$$0000000A)
    .ARM.Collect$$libinit$$0000000C          0x08000174   Section        0  libinit2.o(.ARM.Collect$$libinit$$0000000C)
    .ARM.Collect$$libinit$$0000000E          0x08000174   Section        0  libinit2.o(.ARM.Collect$$libinit$$0000000E)
    .ARM.Collect$$libinit$$00000011          0x08000174   Section        0  libinit2.o(.ARM.Collect$$libinit$$00000011)
    .ARM.Collect$$libinit$$00000013          0x08000174   Section        0  libinit2.o(.ARM.Collect$$libinit$$00000013)
    .ARM.Collect$$libinit$$00000015          0x08000174   Section        0  libinit2.o(.ARM.Collect$$libinit$$00000015)
    .ARM.Collect$$libinit$$00000017          0x08000174   Section        0  libinit2.o(.ARM.Collect$$libinit$$00000017)
    .ARM.Collect$$libinit$$00000019          0x08000174   Section        0  libinit2.o(.ARM.Collect$$libinit$$00000019)
    .ARM.Collect$$libinit$$0000001B          0x08000174   Section        0  libinit2.o(.ARM.Collect$$libinit$$0000001B)
    .ARM.Collect$$libinit$$0000001D          0x08000174   Section        0  libinit2.o(.ARM.Collect$$libinit$$0000001D)
    .ARM.Collect$$libinit$$0000001F          0x08000174   Section        0  libinit2.o(.ARM.Collect$$libinit$$0000001F)
    .ARM.Collect$$libinit$$00000021          0x08000174   Section        0  libinit2.o(.ARM.Collect$$libinit$$00000021)
    .ARM.Collect$$libinit$$00000023          0x08000174   Section        0  libinit2.o(.ARM.Collect$$libinit$$00000023)
    .ARM.Collect$$libinit$$00000024          0x08000174   Section        4  libinit2.o(.ARM.Collect$$libinit$$00000024)
    .ARM.Collect$$libinit$$00000025          0x08000178   Section        0  libinit2.o(.ARM.Collect$$libinit$$00000025)
    .ARM.Collect$$libinit$$0000002C          0x08000178   Section        0  libinit2.o(.ARM.Collect$$libinit$$0000002C)
    .ARM.Collect$$libinit$$0000002E          0x08000178   Section        0  libinit2.o(.ARM.Collect$$libinit$$0000002E)
    .ARM.Collect$$libinit$$00000030          0x08000178   Section        0  libinit2.o(.ARM.Collect$$libinit$$00000030)
    .ARM.Collect$$libinit$$00000032          0x08000178   Section        0  libinit2.o(.ARM.Collect$$libinit$$00000032)
    .ARM.Collect$$libinit$$00000033          0x08000178   Section        2  libinit2.o(.ARM.Collect$$libinit$$00000033)
    .ARM.Collect$$libshutdown$$00000000      0x0800017a   Section        2  libshutdown.o(.ARM.Collect$$libshutdown$$00000000)
    .ARM.Collect$$libshutdown$$00000002      0x0800017c   Section        0  libshutdown2.o(.ARM.Collect$$libshutdown$$00000002)
    .ARM.Collect$$libshutdown$$00000003      0x0800017c   Section        4  libshutdown2.o(.ARM.Collect$$libshutdown$$00000003)
    .ARM.Collect$$libshutdown$$00000004      0x08000180   Section        0  libshutdown2.o(.ARM.Collect$$libshutdown$$00000004)
    .ARM.Collect$$libshutdown$$00000007      0x08000180   Section        0  libshutdown2.o(.ARM.Collect$$libshutdown$$00000007)
    .ARM.Collect$$libshutdown$$0000000A      0x08000180   Section        0  libshutdown2.o(.ARM.Collect$$libshutdown$$0000000A)
    .ARM.Collect$$libshutdown$$0000000C      0x08000180   Section        0  libshutdown2.o(.ARM.Collect$$libshutdown$$0000000C)
    .ARM.Collect$$libshutdown$$0000000F      0x08000180   Section        0  libshutdown2.o(.ARM.Collect$$libshutdown$$0000000F)
    .ARM.Collect$$libshutdown$$00000010      0x08000180   Section        2  libshutdown2.o(.ARM.Collect$$libshutdown$$00000010)
    .ARM.Collect$$rtentry$$00000000          0x08000182   Section        0  __rtentry.o(.ARM.Collect$$rtentry$$00000000)
    .ARM.Collect$$rtentry$$00000002          0x08000182   Section        0  __rtentry2.o(.ARM.Collect$$rtentry$$00000002)
    .ARM.Collect$$rtentry$$00000004          0x08000182   Section        6  __rtentry4.o(.ARM.Collect$$rtentry$$00000004)
    .ARM.Collect$$rtentry$$00000009          0x08000188   Section        0  __rtentry2.o(.ARM.Collect$$rtentry$$00000009)
    .ARM.Collect$$rtentry$$0000000A          0x08000188   Section        4  __rtentry2.o(.ARM.Collect$$rtentry$$0000000A)
    .ARM.Collect$$rtentry$$0000000C          0x0800018c   Section        0  __rtentry2.o(.ARM.Collect$$rtentry$$0000000C)
    .ARM.Collect$$rtentry$$0000000D          0x0800018c   Section        8  __rtentry2.o(.ARM.Collect$$rtentry$$0000000D)
    .ARM.Collect$$rtexit$$00000000           0x08000194   Section        2  rtexit.o(.ARM.Collect$$rtexit$$00000000)
    .ARM.Collect$$rtexit$$00000002           0x08000196   Section        0  rtexit2.o(.ARM.Collect$$rtexit$$00000002)
    .ARM.Collect$$rtexit$$00000003           0x08000196   Section        4  rtexit2.o(.ARM.Collect$$rtexit$$00000003)
    .ARM.Collect$$rtexit$$00000004           0x0800019a   Section        6  rtexit2.o(.ARM.Collect$$rtexit$$00000004)
    .emb_text                                0x080001a0   Section        0  maybetermalloc1.o(.emb_text)
    .text                                    0x080001a0   Section       64  startup_stm32f103xb.o(.text)
    .text                                    0x080001e0   Section        0  h1_alloc.o(.text)
    .text                                    0x0800023e   Section        0  h1_free.o(.text)
    .text                                    0x0800028c   Section        0  noretval__2printf.o(.text)
    .text                                    0x080002a4   Section        0  _printf_str.o(.text)
    .text                                    0x080002f6   Section        0  __printf_ss_wp.o(.text)
    .text                                    0x08000456   Section        0  strlen.o(.text)
    .text                                    0x08000494   Section       68  rt_memclr.o(.text)
    .text                                    0x080004d8   Section       78  rt_memclr_w.o(.text)
    .text                                    0x08000526   Section        0  heapauxi.o(.text)
    .text                                    0x0800052c   Section        8  rt_heap_descriptor_intlibspace.o(.text)
    .text                                    0x08000534   Section        0  hguard.o(.text)
    .text                                    0x08000538   Section        0  init_alloc.o(.text)
    .text                                    0x080005c2   Section        0  h1_init.o(.text)
    .text                                    0x080005d0   Section        0  _printf_char_common.o(.text)
    _printf_input_char                       0x080005d1   Thumb Code    10  _printf_char_common.o(.text)
    .text                                    0x08000600   Section        0  _printf_char.o(.text)
    .text                                    0x0800062c   Section        0  _printf_char_file.o(.text)
    .text                                    0x08000650   Section        8  libspace.o(.text)
    .text                                    0x08000658   Section        0  h1_extend.o(.text)
    .text                                    0x0800068c   Section        0  ferror.o(.text)
    .text                                    0x08000694   Section        0  initio.o(.text)
    .text                                    0x080007cc   Section        0  defsig_rtmem_outer.o(.text)
    .text                                    0x080007da   Section        0  sys_io.o(.text)
    .text                                    0x08000840   Section        2  use_no_semi.o(.text)
    .text                                    0x08000842   Section        0  indicate_semi.o(.text)
    .text                                    0x08000842   Section       74  sys_stackheap_outer.o(.text)
    .text                                    0x0800088c   Section        0  setvbuf.o(.text)
    .text                                    0x080008d4   Section        0  fopen.o(.text)
    _freopen_locked                          0x080008d5   Thumb Code     0  fopen.o(.text)
    .text                                    0x080009c0   Section        0  fclose.o(.text)
    .text                                    0x08000a0c   Section        0  exit.o(.text)
    .text                                    0x08000a1e   Section        0  defsig_exit.o(.text)
    .text                                    0x08000a28   Section        0  defsig_rtred_outer.o(.text)
    .text                                    0x08000a38   Section        0  defsig_rtmem_inner.o(.text)
    .text                                    0x08000a88   Section        0  sys_exit.o(.text)
    .text                                    0x08000a94   Section        0  fseek.o(.text)
    .text                                    0x08000b8c   Section        0  stdio.o(.text)
    .text                                    0x08000c7c   Section        0  defsig_general.o(.text)
    .text                                    0x08000cb0   Section        0  defsig_rtred_inner.o(.text)
    .text                                    0x08000ce4   Section        0  sys_wrch.o(.text)
    .text                                    0x08000cf2   Section        0  ftell.o(.text)
    .text                                    0x08000d34   Section        8  rt_errno_addr_intlibspace.o(.text)
    i.BusFault_Handler                       0x08000d3c   Section        0  stm32f1xx_it.o(i.BusFault_Handler)
    i.DebugMon_Handler                       0x08000d3e   Section        0  stm32f1xx_it.o(i.DebugMon_Handler)
    i.Error_Handler                          0x08000d40   Section        0  main.o(i.Error_Handler)
    i.HAL_DMA_Abort                          0x08000d44   Section        0  stm32f1xx_hal_dma.o(i.HAL_DMA_Abort)
    i.HAL_DMA_Abort_IT                       0x08000d8c   Section        0  stm32f1xx_hal_dma.o(i.HAL_DMA_Abort_IT)
    i.HAL_GPIO_Init                          0x08000e24   Section        0  stm32f1xx_hal_gpio.o(i.HAL_GPIO_Init)
    i.HAL_GPIO_WritePin                      0x08001004   Section        0  stm32f1xx_hal_gpio.o(i.HAL_GPIO_WritePin)
    i.HAL_GetTick                            0x08001010   Section        0  stm32f1xx_hal.o(i.HAL_GetTick)
    i.HAL_IncTick                            0x0800101c   Section        0  stm32f1xx_hal.o(i.HAL_IncTick)
    i.HAL_Init                               0x0800102c   Section        0  stm32f1xx_hal.o(i.HAL_Init)
    i.HAL_InitTick                           0x08001050   Section        0  stm32f1xx_hal.o(i.HAL_InitTick)
    i.HAL_MspInit                            0x08001090   Section        0  stm32f1xx_hal_msp.o(i.HAL_MspInit)
    i.HAL_NVIC_EnableIRQ                     0x080010cc   Section        0  stm32f1xx_hal_cortex.o(i.HAL_NVIC_EnableIRQ)
    i.HAL_NVIC_SetPriority                   0x080010e8   Section        0  stm32f1xx_hal_cortex.o(i.HAL_NVIC_SetPriority)
    i.HAL_NVIC_SetPriorityGrouping           0x08001128   Section        0  stm32f1xx_hal_cortex.o(i.HAL_NVIC_SetPriorityGrouping)
    i.HAL_RCC_ClockConfig                    0x0800114c   Section        0  stm32f1xx_hal_rcc.o(i.HAL_RCC_ClockConfig)
    i.HAL_RCC_GetPCLK1Freq                   0x08001278   Section        0  stm32f1xx_hal_rcc.o(i.HAL_RCC_GetPCLK1Freq)
    i.HAL_RCC_GetPCLK2Freq                   0x08001298   Section        0  stm32f1xx_hal_rcc.o(i.HAL_RCC_GetPCLK2Freq)
    i.HAL_RCC_GetSysClockFreq                0x080012b8   Section        0  stm32f1xx_hal_rcc.o(i.HAL_RCC_GetSysClockFreq)
    i.HAL_RCC_OscConfig                      0x08001324   Section        0  stm32f1xx_hal_rcc.o(i.HAL_RCC_OscConfig)
    i.HAL_SPI_Init                           0x08001644   Section        0  stm32f1xx_hal_spi.o(i.HAL_SPI_Init)
    i.HAL_SPI_MspInit                        0x080016f8   Section        0  spi.o(i.HAL_SPI_MspInit)
    i.HAL_SYSTICK_Config                     0x0800176c   Section        0  stm32f1xx_hal_cortex.o(i.HAL_SYSTICK_Config)
    i.HAL_TIMEx_MasterConfigSynchronization  0x08001794   Section        0  stm32f1xx_hal_tim_ex.o(i.HAL_TIMEx_MasterConfigSynchronization)
    i.HAL_TIM_MspPostInit                    0x080017fc   Section        0  tim.o(i.HAL_TIM_MspPostInit)
    i.HAL_TIM_PWM_ConfigChannel              0x08001858   Section        0  stm32f1xx_hal_tim.o(i.HAL_TIM_PWM_ConfigChannel)
    i.HAL_TIM_PWM_Init                       0x0800191e   Section        0  stm32f1xx_hal_tim.o(i.HAL_TIM_PWM_Init)
    i.HAL_TIM_PWM_MspInit                    0x08001978   Section        0  tim.o(i.HAL_TIM_PWM_MspInit)
    i.HAL_UARTEx_RxEventCallback             0x0800199c   Section        0  stm32f1xx_hal_uart.o(i.HAL_UARTEx_RxEventCallback)
    i.HAL_UART_ErrorCallback                 0x0800199e   Section        0  stm32f1xx_hal_uart.o(i.HAL_UART_ErrorCallback)
    i.HAL_UART_IRQHandler                    0x080019a0   Section        0  stm32f1xx_hal_uart.o(i.HAL_UART_IRQHandler)
    i.HAL_UART_Init                          0x08001bac   Section        0  stm32f1xx_hal_uart.o(i.HAL_UART_Init)
    i.HAL_UART_MspInit                       0x08001c10   Section        0  usart.o(i.HAL_UART_MspInit)
    i.HAL_UART_Receive_IT                    0x08001cdc   Section        0  stm32f1xx_hal_uart.o(i.HAL_UART_Receive_IT)
    i.HAL_UART_RxCpltCallback                0x08001d08   Section        0  esp8266.o(i.HAL_UART_RxCpltCallback)
    i.HAL_UART_Transmit                      0x08001d84   Section        0  stm32f1xx_hal_uart.o(i.HAL_UART_Transmit)
    i.HAL_UART_TxCpltCallback                0x08001e36   Section        0  stm32f1xx_hal_uart.o(i.HAL_UART_TxCpltCallback)
    i.HardFault_Handler                      0x08001e38   Section        0  stm32f1xx_it.o(i.HardFault_Handler)
    i.MX_GPIO_Init                           0x08001e3c   Section        0  gpio.o(i.MX_GPIO_Init)
    i.MX_SPI2_Init                           0x08001ee0   Section        0  spi.o(i.MX_SPI2_Init)
    i.MX_TIM2_Init                           0x08001f24   Section        0  tim.o(i.MX_TIM2_Init)
    i.MX_USART1_UART_Init                    0x08001f94   Section        0  usart.o(i.MX_USART1_UART_Init)
    i.MX_USART2_UART_Init                    0x08001fcc   Section        0  usart.o(i.MX_USART2_UART_Init)
    i.MemManage_Handler                      0x08002004   Section        0  stm32f1xx_it.o(i.MemManage_Handler)
    i.NMI_Handler                            0x08002006   Section        0  stm32f1xx_it.o(i.NMI_Handler)
    i.PendSV_Handler                         0x08002008   Section        0  stm32f1xx_it.o(i.PendSV_Handler)
    i.SVC_Handler                            0x0800200a   Section        0  stm32f1xx_it.o(i.SVC_Handler)
    i.SysTick_Handler                        0x0800200c   Section        0  stm32f1xx_it.o(i.SysTick_Handler)
    i.SystemClock_Config                     0x08002010   Section        0  main.o(i.SystemClock_Config)
    i.SystemInit                             0x0800206e   Section        0  system_stm32f1xx.o(i.SystemInit)
    i.TIM_Base_SetConfig                     0x08002070   Section        0  stm32f1xx_hal_tim.o(i.TIM_Base_SetConfig)
    i.TIM_OC1_SetConfig                      0x080020dc   Section        0  stm32f1xx_hal_tim.o(i.TIM_OC1_SetConfig)
    TIM_OC1_SetConfig                        0x080020dd   Thumb Code    74  stm32f1xx_hal_tim.o(i.TIM_OC1_SetConfig)
    i.TIM_OC2_SetConfig                      0x0800212c   Section        0  stm32f1xx_hal_tim.o(i.TIM_OC2_SetConfig)
    i.TIM_OC3_SetConfig                      0x08002184   Section        0  stm32f1xx_hal_tim.o(i.TIM_OC3_SetConfig)
    TIM_OC3_SetConfig                        0x08002185   Thumb Code    82  stm32f1xx_hal_tim.o(i.TIM_OC3_SetConfig)
    i.TIM_OC4_SetConfig                      0x080021dc   Section        0  stm32f1xx_hal_tim.o(i.TIM_OC4_SetConfig)
    TIM_OC4_SetConfig                        0x080021dd   Thumb Code    64  stm32f1xx_hal_tim.o(i.TIM_OC4_SetConfig)
    i.UART_DMAAbortOnError                   0x08002220   Section        0  stm32f1xx_hal_uart.o(i.UART_DMAAbortOnError)
    UART_DMAAbortOnError                     0x08002221   Thumb Code    16  stm32f1xx_hal_uart.o(i.UART_DMAAbortOnError)
    i.UART_EndRxTransfer                     0x08002230   Section        0  stm32f1xx_hal_uart.o(i.UART_EndRxTransfer)
    UART_EndRxTransfer                       0x08002231   Thumb Code    48  stm32f1xx_hal_uart.o(i.UART_EndRxTransfer)
    i.UART_Receive_IT                        0x08002260   Section        0  stm32f1xx_hal_uart.o(i.UART_Receive_IT)
    UART_Receive_IT                          0x08002261   Thumb Code   182  stm32f1xx_hal_uart.o(i.UART_Receive_IT)
    i.UART_SetConfig                         0x08002318   Section        0  stm32f1xx_hal_uart.o(i.UART_SetConfig)
    UART_SetConfig                           0x08002319   Thumb Code   178  stm32f1xx_hal_uart.o(i.UART_SetConfig)
    i.UART_Start_Receive_IT                  0x080023d0   Section        0  stm32f1xx_hal_uart.o(i.UART_Start_Receive_IT)
    i.UART_WaitOnFlagUntilTimeout            0x08002406   Section        0  stm32f1xx_hal_uart.o(i.UART_WaitOnFlagUntilTimeout)
    UART_WaitOnFlagUntilTimeout              0x08002407   Thumb Code   100  stm32f1xx_hal_uart.o(i.UART_WaitOnFlagUntilTimeout)
    i.USART2_IRQHandler                      0x0800246c   Section        0  stm32f1xx_it.o(i.USART2_IRQHandler)
    i.UsageFault_Handler                     0x08002478   Section        0  stm32f1xx_it.o(i.UsageFault_Handler)
    i.__NVIC_SetPriority                     0x0800247a   Section        0  stm32f1xx_hal_cortex.o(i.__NVIC_SetPriority)
    __NVIC_SetPriority                       0x0800247b   Thumb Code    32  stm32f1xx_hal_cortex.o(i.__NVIC_SetPriority)
    i._is_digit                              0x0800249a   Section        0  __printf_wp.o(i._is_digit)
    i.fputc                                  0x080024a8   Section        0  usart.o(i.fputc)
    i.main                                   0x080024c0   Section        0  main.o(i.main)
    .constdata                               0x080024f0   Section       16  system_stm32f1xx.o(.constdata)
    .constdata                               0x08002500   Section        8  system_stm32f1xx.o(.constdata)
    .constdata                               0x08002508   Section        4  sys_io.o(.constdata)
    .constdata                               0x0800250c   Section        4  sys_io.o(.constdata)
    .constdata                               0x08002510   Section        4  sys_io.o(.constdata)
    .data                                    0x20000000   Section       12  stm32f1xx_hal.o(.data)
    .data                                    0x2000000c   Section        4  system_stm32f1xx.o(.data)
    .data                                    0x20000010   Section       41  esp8266.o(.data)
    .data                                    0x2000003c   Section        4  stdio_streams.o(.data)
    .data                                    0x20000040   Section        4  stdio_streams.o(.data)
    .data                                    0x20000044   Section        4  stdio_streams.o(.data)
    .bss                                     0x20000048   Section       88  spi.o(.bss)
    .bss                                     0x200000a0   Section       72  tim.o(.bss)
    .bss                                     0x200000e8   Section      136  usart.o(.bss)
    .bss                                     0x20000170   Section      144  esp8266.o(.bss)
    .bss                                     0x20000200   Section       84  stdio_streams.o(.bss)
    .bss                                     0x20000254   Section       84  stdio_streams.o(.bss)
    .bss                                     0x200002a8   Section       84  stdio_streams.o(.bss)
    .bss                                     0x200002fc   Section       96  libspace.o(.bss)
    HEAP                                     0x20000360   Section      512  startup_stm32f103xb.o(HEAP)
    Heap_Mem                                 0x20000360   Data         512  startup_stm32f103xb.o(HEAP)
    STACK                                    0x20000560   Section     1024  startup_stm32f103xb.o(STACK)
    Stack_Mem                                0x20000560   Data        1024  startup_stm32f103xb.o(STACK)
    __initial_sp                             0x20000960   Data           0  startup_stm32f103xb.o(STACK)

    Global Symbols

    Symbol Name                              Value     Ov Type        Size  Object(Section)

    BuildAttributes$$THM_ISAv4$P$D$K$B$S$PE$A:L22UL41UL21$X:L11$S22US41US21$IEEE1$IW$USESV6$~STKCKD$USESV7$~SHL$OTIME$ROPI$IEEEJ$EBA8$UX$STANDARDLIB$REQ8$PRES8$EABIv2 0x00000000   Number         0  anon$$obj.o ABSOLUTE
    __ARM_use_no_argv                        0x00000000   Number         0  main.o ABSOLUTE
    _printf_flags                            0x00000000   Number         0  printf_stubs.o ABSOLUTE
    _printf_return_value                     0x00000000   Number         0  printf_stubs.o ABSOLUTE
    _printf_sizespec                         0x00000000   Number         0  printf_stubs.o ABSOLUTE
    _printf_widthprec                        0x00000000   Number         0  printf_stubs.o ABSOLUTE
    __ARM_exceptions_init                     - Undefined Weak Reference
    __alloca_initialize                       - Undefined Weak Reference
    __arm_preinit_                            - Undefined Weak Reference
    __cpp_initialize__aeabi_                  - Undefined Weak Reference
    __cxa_finalize                            - Undefined Weak Reference
    __sigvec_lookup                           - Undefined Weak Reference
    __user_heap_extent                        - Undefined Weak Reference
    _atexit_init                              - Undefined Weak Reference
    _call_atexit_fns                          - Undefined Weak Reference
    _clock_init                               - Undefined Weak Reference
    _fp_trap_init                             - Undefined Weak Reference
    _fp_trap_shutdown                         - Undefined Weak Reference
    _get_lc_collate                           - Undefined Weak Reference
    _get_lc_ctype                             - Undefined Weak Reference
    _get_lc_monetary                          - Undefined Weak Reference
    _get_lc_time                              - Undefined Weak Reference
    _getenv_init                              - Undefined Weak Reference
    _handle_redirection                       - Undefined Weak Reference
    _mutex_acquire                            - Undefined Weak Reference
    _mutex_free                               - Undefined Weak Reference
    _mutex_release                            - Undefined Weak Reference
    _printf_mbtowc                            - Undefined Weak Reference
    _printf_post_padding                      - Undefined Weak Reference
    _printf_pre_padding                       - Undefined Weak Reference
    _printf_truncate_signed                   - Undefined Weak Reference
    _printf_truncate_unsigned                 - Undefined Weak Reference
    _rand_init                                - Undefined Weak Reference
    _signal_finish                            - Undefined Weak Reference
    _signal_init                              - Undefined Weak Reference
    __Vectors_Size                           0x000000ec   Number         0  startup_stm32f103xb.o ABSOLUTE
    __Vectors                                0x08000000   Data           4  startup_stm32f103xb.o(RESET)
    __Vectors_End                            0x080000ec   Data           0  startup_stm32f103xb.o(RESET)
    __main                                   0x080000ed   Thumb Code     8  __main.o(!!!main)
    __scatterload                            0x080000f5   Thumb Code     0  __scatter.o(!!!scatter)
    __scatterload_rt2                        0x080000f5   Thumb Code    44  __scatter.o(!!!scatter)
    __scatterload_rt2_thumb_only             0x080000f5   Thumb Code     0  __scatter.o(!!!scatter)
    __scatterload_null                       0x08000103   Thumb Code     0  __scatter.o(!!!scatter)
    __scatterload_copy                       0x08000129   Thumb Code    26  __scatter_copy.o(!!handler_copy)
    __scatterload_zeroinit                   0x08000145   Thumb Code    28  __scatter_zi.o(!!handler_zi)
    _printf_percent                          0x08000161   Thumb Code     0  _printf_percent.o(.ARM.Collect$$_printf_percent$$00000000)
    _printf_s                                0x08000161   Thumb Code     0  _printf_s.o(.ARM.Collect$$_printf_percent$$00000014)
    _printf_percent_end                      0x08000167   Thumb Code     0  _printf_percent_end.o(.ARM.Collect$$_printf_percent$$00000017)
    __rt_lib_init                            0x0800016b   Thumb Code     0  libinit.o(.ARM.Collect$$libinit$$00000000)
    __rt_lib_init_fp_1                       0x0800016d   Thumb Code     0  libinit2.o(.ARM.Collect$$libinit$$00000002)
    __rt_lib_init_heap_2                     0x0800016d   Thumb Code     0  libinit2.o(.ARM.Collect$$libinit$$00000005)
    __rt_lib_init_preinit_1                  0x0800016d   Thumb Code     0  libinit2.o(.ARM.Collect$$libinit$$00000004)
    __rt_lib_init_atexit_1                   0x08000175   Thumb Code     0  libinit2.o(.ARM.Collect$$libinit$$0000001B)
    __rt_lib_init_clock_1                    0x08000175   Thumb Code     0  libinit2.o(.ARM.Collect$$libinit$$00000021)
    __rt_lib_init_fp_trap_1                  0x08000175   Thumb Code     0  libinit2.o(.ARM.Collect$$libinit$$0000001F)
    __rt_lib_init_getenv_1                   0x08000175   Thumb Code     0  libinit2.o(.ARM.Collect$$libinit$$00000023)
    __rt_lib_init_heap_1                     0x08000175   Thumb Code     0  libinit2.o(.ARM.Collect$$libinit$$0000000A)
    __rt_lib_init_lc_collate_1               0x08000175   Thumb Code     0  libinit2.o(.ARM.Collect$$libinit$$00000011)
    __rt_lib_init_lc_ctype_1                 0x08000175   Thumb Code     0  libinit2.o(.ARM.Collect$$libinit$$00000013)
    __rt_lib_init_lc_monetary_1              0x08000175   Thumb Code     0  libinit2.o(.ARM.Collect$$libinit$$00000015)
    __rt_lib_init_lc_numeric_1               0x08000175   Thumb Code     0  libinit2.o(.ARM.Collect$$libinit$$00000017)
    __rt_lib_init_lc_time_1                  0x08000175   Thumb Code     0  libinit2.o(.ARM.Collect$$libinit$$00000019)
    __rt_lib_init_rand_1                     0x08000175   Thumb Code     0  libinit2.o(.ARM.Collect$$libinit$$0000000E)
    __rt_lib_init_signal_1                   0x08000175   Thumb Code     0  libinit2.o(.ARM.Collect$$libinit$$0000001D)
    __rt_lib_init_stdio_2                    0x08000175   Thumb Code     0  libinit2.o(.ARM.Collect$$libinit$$00000024)
    __rt_lib_init_user_alloc_1               0x08000175   Thumb Code     0  libinit2.o(.ARM.Collect$$libinit$$0000000C)
    __rt_lib_init_alloca_1                   0x08000179   Thumb Code     0  libinit2.o(.ARM.Collect$$libinit$$0000002E)
    __rt_lib_init_argv_1                     0x08000179   Thumb Code     0  libinit2.o(.ARM.Collect$$libinit$$0000002C)
    __rt_lib_init_cpp_1                      0x08000179   Thumb Code     0  libinit2.o(.ARM.Collect$$libinit$$00000032)
    __rt_lib_init_exceptions_1               0x08000179   Thumb Code     0  libinit2.o(.ARM.Collect$$libinit$$00000030)
    __rt_lib_init_return                     0x08000179   Thumb Code     0  libinit2.o(.ARM.Collect$$libinit$$00000033)
    __rt_lib_init_stdio_1                    0x08000179   Thumb Code     0  libinit2.o(.ARM.Collect$$libinit$$00000025)
    __rt_lib_shutdown                        0x0800017b   Thumb Code     0  libshutdown.o(.ARM.Collect$$libshutdown$$00000000)
    __rt_lib_shutdown_cpp_1                  0x0800017d   Thumb Code     0  libshutdown2.o(.ARM.Collect$$libshutdown$$00000002)
    __rt_lib_shutdown_stdio_2                0x0800017d   Thumb Code     0  libshutdown2.o(.ARM.Collect$$libshutdown$$00000003)
    __rt_lib_shutdown_fp_trap_1              0x08000181   Thumb Code     0  libshutdown2.o(.ARM.Collect$$libshutdown$$00000007)
    __rt_lib_shutdown_heap_1                 0x08000181   Thumb Code     0  libshutdown2.o(.ARM.Collect$$libshutdown$$0000000F)
    __rt_lib_shutdown_return                 0x08000181   Thumb Code     0  libshutdown2.o(.ARM.Collect$$libshutdown$$00000010)
    __rt_lib_shutdown_signal_1               0x08000181   Thumb Code     0  libshutdown2.o(.ARM.Collect$$libshutdown$$0000000A)
    __rt_lib_shutdown_stdio_1                0x08000181   Thumb Code     0  libshutdown2.o(.ARM.Collect$$libshutdown$$00000004)
    __rt_lib_shutdown_user_alloc_1           0x08000181   Thumb Code     0  libshutdown2.o(.ARM.Collect$$libshutdown$$0000000C)
    __rt_entry                               0x08000183   Thumb Code     0  __rtentry.o(.ARM.Collect$$rtentry$$00000000)
    __rt_entry_presh_1                       0x08000183   Thumb Code     0  __rtentry2.o(.ARM.Collect$$rtentry$$00000002)
    __rt_entry_sh                            0x08000183   Thumb Code     0  __rtentry4.o(.ARM.Collect$$rtentry$$00000004)
    __rt_entry_li                            0x08000189   Thumb Code     0  __rtentry2.o(.ARM.Collect$$rtentry$$0000000A)
    __rt_entry_postsh_1                      0x08000189   Thumb Code     0  __rtentry2.o(.ARM.Collect$$rtentry$$00000009)
    __rt_entry_main                          0x0800018d   Thumb Code     0  __rtentry2.o(.ARM.Collect$$rtentry$$0000000D)
    __rt_entry_postli_1                      0x0800018d   Thumb Code     0  __rtentry2.o(.ARM.Collect$$rtentry$$0000000C)
    __rt_exit                                0x08000195   Thumb Code     0  rtexit.o(.ARM.Collect$$rtexit$$00000000)
    __rt_exit_ls                             0x08000197   Thumb Code     0  rtexit2.o(.ARM.Collect$$rtexit$$00000003)
    __rt_exit_prels_1                        0x08000197   Thumb Code     0  rtexit2.o(.ARM.Collect$$rtexit$$00000002)
    __rt_exit_exit                           0x0800019b   Thumb Code     0  rtexit2.o(.ARM.Collect$$rtexit$$00000004)
    Reset_Handler                            0x080001a1   Thumb Code     8  startup_stm32f103xb.o(.text)
    _maybe_terminate_alloc                   0x080001a1   Thumb Code     0  maybetermalloc1.o(.emb_text)
    ADC1_2_IRQHandler                        0x080001bb   Thumb Code     0  startup_stm32f103xb.o(.text)
    CAN1_RX1_IRQHandler                      0x080001bb   Thumb Code     0  startup_stm32f103xb.o(.text)
    CAN1_SCE_IRQHandler                      0x080001bb   Thumb Code     0  startup_stm32f103xb.o(.text)
    DMA1_Channel1_IRQHandler                 0x080001bb   Thumb Code     0  startup_stm32f103xb.o(.text)
    DMA1_Channel2_IRQHandler                 0x080001bb   Thumb Code     0  startup_stm32f103xb.o(.text)
    DMA1_Channel3_IRQHandler                 0x080001bb   Thumb Code     0  startup_stm32f103xb.o(.text)
    DMA1_Channel4_IRQHandler                 0x080001bb   Thumb Code     0  startup_stm32f103xb.o(.text)
    DMA1_Channel5_IRQHandler                 0x080001bb   Thumb Code     0  startup_stm32f103xb.o(.text)
    DMA1_Channel6_IRQHandler                 0x080001bb   Thumb Code     0  startup_stm32f103xb.o(.text)
    DMA1_Channel7_IRQHandler                 0x080001bb   Thumb Code     0  startup_stm32f103xb.o(.text)
    EXTI0_IRQHandler                         0x080001bb   Thumb Code     0  startup_stm32f103xb.o(.text)
    EXTI15_10_IRQHandler                     0x080001bb   Thumb Code     0  startup_stm32f103xb.o(.text)
    EXTI1_IRQHandler                         0x080001bb   Thumb Code     0  startup_stm32f103xb.o(.text)
    EXTI2_IRQHandler                         0x080001bb   Thumb Code     0  startup_stm32f103xb.o(.text)
    EXTI3_IRQHandler                         0x080001bb   Thumb Code     0  startup_stm32f103xb.o(.text)
    EXTI4_IRQHandler                         0x080001bb   Thumb Code     0  startup_stm32f103xb.o(.text)
    EXTI9_5_IRQHandler                       0x080001bb   Thumb Code     0  startup_stm32f103xb.o(.text)
    FLASH_IRQHandler                         0x080001bb   Thumb Code     0  startup_stm32f103xb.o(.text)
    I2C1_ER_IRQHandler                       0x080001bb   Thumb Code     0  startup_stm32f103xb.o(.text)
    I2C1_EV_IRQHandler                       0x080001bb   Thumb Code     0  startup_stm32f103xb.o(.text)
    I2C2_ER_IRQHandler                       0x080001bb   Thumb Code     0  startup_stm32f103xb.o(.text)
    I2C2_EV_IRQHandler                       0x080001bb   Thumb Code     0  startup_stm32f103xb.o(.text)
    PVD_IRQHandler                           0x080001bb   Thumb Code     0  startup_stm32f103xb.o(.text)
    RCC_IRQHandler                           0x080001bb   Thumb Code     0  startup_stm32f103xb.o(.text)
    RTC_Alarm_IRQHandler                     0x080001bb   Thumb Code     0  startup_stm32f103xb.o(.text)
    RTC_IRQHandler                           0x080001bb   Thumb Code     0  startup_stm32f103xb.o(.text)
    SPI1_IRQHandler                          0x080001bb   Thumb Code     0  startup_stm32f103xb.o(.text)
    SPI2_IRQHandler                          0x080001bb   Thumb Code     0  startup_stm32f103xb.o(.text)
    TAMPER_IRQHandler                        0x080001bb   Thumb Code     0  startup_stm32f103xb.o(.text)
    TIM1_BRK_IRQHandler                      0x080001bb   Thumb Code     0  startup_stm32f103xb.o(.text)
    TIM1_CC_IRQHandler                       0x080001bb   Thumb Code     0  startup_stm32f103xb.o(.text)
    TIM1_TRG_COM_IRQHandler                  0x080001bb   Thumb Code     0  startup_stm32f103xb.o(.text)
    TIM1_UP_IRQHandler                       0x080001bb   Thumb Code     0  startup_stm32f103xb.o(.text)
    TIM2_IRQHandler                          0x080001bb   Thumb Code     0  startup_stm32f103xb.o(.text)
    TIM3_IRQHandler                          0x080001bb   Thumb Code     0  startup_stm32f103xb.o(.text)
    TIM4_IRQHandler                          0x080001bb   Thumb Code     0  startup_stm32f103xb.o(.text)
    USART1_IRQHandler                        0x080001bb   Thumb Code     0  startup_stm32f103xb.o(.text)
    USART3_IRQHandler                        0x080001bb   Thumb Code     0  startup_stm32f103xb.o(.text)
    USBWakeUp_IRQHandler                     0x080001bb   Thumb Code     0  startup_stm32f103xb.o(.text)
    USB_HP_CAN1_TX_IRQHandler                0x080001bb   Thumb Code     0  startup_stm32f103xb.o(.text)
    USB_LP_CAN1_RX0_IRQHandler               0x080001bb   Thumb Code     0  startup_stm32f103xb.o(.text)
    WWDG_IRQHandler                          0x080001bb   Thumb Code     0  startup_stm32f103xb.o(.text)
    __user_initial_stackheap                 0x080001bd   Thumb Code     0  startup_stm32f103xb.o(.text)
    malloc                                   0x080001e1   Thumb Code    94  h1_alloc.o(.text)
    free                                     0x0800023f   Thumb Code    78  h1_free.o(.text)
    __2printf                                0x0800028d   Thumb Code    20  noretval__2printf.o(.text)
    _printf_str                              0x080002a5   Thumb Code    82  _printf_str.o(.text)
    __printf                                 0x080002f7   Thumb Code   352  __printf_ss_wp.o(.text)
    strlen                                   0x08000457   Thumb Code    62  strlen.o(.text)
    __aeabi_memclr                           0x08000495   Thumb Code     0  rt_memclr.o(.text)
    __rt_memclr                              0x08000495   Thumb Code    68  rt_memclr.o(.text)
    _memset                                  0x08000499   Thumb Code     0  rt_memclr.o(.text)
    __aeabi_memclr4                          0x080004d9   Thumb Code     0  rt_memclr_w.o(.text)
    __aeabi_memclr8                          0x080004d9   Thumb Code     0  rt_memclr_w.o(.text)
    __rt_memclr_w                            0x080004d9   Thumb Code    78  rt_memclr_w.o(.text)
    _memset_w                                0x080004dd   Thumb Code     0  rt_memclr_w.o(.text)
    __use_two_region_memory                  0x08000527   Thumb Code     2  heapauxi.o(.text)
    __rt_heap_escrow                         0x08000529   Thumb Code     2  heapauxi.o(.text)
    __rt_heap_expand                         0x0800052b   Thumb Code     2  heapauxi.o(.text)
    __rt_heap_descriptor                     0x0800052d   Thumb Code     8  rt_heap_descriptor_intlibspace.o(.text)
    __use_no_heap                            0x08000535   Thumb Code     2  hguard.o(.text)
    __heap$guard                             0x08000537   Thumb Code     2  hguard.o(.text)
    _terminate_user_alloc                    0x08000539   Thumb Code     2  init_alloc.o(.text)
    _init_user_alloc                         0x0800053b   Thumb Code     2  init_alloc.o(.text)
    __Heap_Full                              0x0800053d   Thumb Code    34  init_alloc.o(.text)
    __Heap_Broken                            0x0800055f   Thumb Code     6  init_alloc.o(.text)
    _init_alloc                              0x08000565   Thumb Code    94  init_alloc.o(.text)
    __Heap_Initialize                        0x080005c3   Thumb Code    10  h1_init.o(.text)
    __Heap_DescSize                          0x080005cd   Thumb Code     4  h1_init.o(.text)
    _printf_char_common                      0x080005db   Thumb Code    32  _printf_char_common.o(.text)
    _printf_cs_common                        0x08000601   Thumb Code    20  _printf_char.o(.text)
    _printf_char                             0x08000615   Thumb Code    16  _printf_char.o(.text)
    _printf_string                           0x08000625   Thumb Code     8  _printf_char.o(.text)
    _printf_char_file                        0x0800062d   Thumb Code    32  _printf_char_file.o(.text)
    __user_libspace                          0x08000651   Thumb Code     8  libspace.o(.text)
    __user_perproc_libspace                  0x08000651   Thumb Code     0  libspace.o(.text)
    __user_perthread_libspace                0x08000651   Thumb Code     0  libspace.o(.text)
    __Heap_ProvideMemory                     0x08000659   Thumb Code    52  h1_extend.o(.text)
    ferror                                   0x0800068d   Thumb Code     8  ferror.o(.text)
    _initio                                  0x08000695   Thumb Code   210  initio.o(.text)
    _terminateio                             0x08000767   Thumb Code    56  initio.o(.text)
    __rt_SIGRTMEM                            0x080007cd   Thumb Code    14  defsig_rtmem_outer.o(.text)
    _sys_open                                0x080007db   Thumb Code    20  sys_io.o(.text)
    _sys_close                               0x080007ef   Thumb Code    12  sys_io.o(.text)
    _sys_write                               0x080007fb   Thumb Code    16  sys_io.o(.text)
    _sys_read                                0x0800080b   Thumb Code    14  sys_io.o(.text)
    _sys_istty                               0x08000819   Thumb Code    12  sys_io.o(.text)
    _sys_seek                                0x08000825   Thumb Code    14  sys_io.o(.text)
    _sys_ensure                              0x08000833   Thumb Code     2  sys_io.o(.text)
    _sys_flen                                0x08000835   Thumb Code    12  sys_io.o(.text)
    __I$use$semihosting                      0x08000841   Thumb Code     0  use_no_semi.o(.text)
    __use_no_semihosting_swi                 0x08000841   Thumb Code     2  use_no_semi.o(.text)
    __semihosting_library_function           0x08000843   Thumb Code     0  indicate_semi.o(.text)
    __user_setup_stackheap                   0x08000843   Thumb Code    74  sys_stackheap_outer.o(.text)
    setvbuf                                  0x0800088d   Thumb Code    70  setvbuf.o(.text)
    freopen                                  0x080008d5   Thumb Code   158  fopen.o(.text)
    fopen                                    0x08000973   Thumb Code    74  fopen.o(.text)
    _fclose_internal                         0x080009c1   Thumb Code    76  fclose.o(.text)
    fclose                                   0x080009c1   Thumb Code     0  fclose.o(.text)
    exit                                     0x08000a0d   Thumb Code    18  exit.o(.text)
    __sig_exit                               0x08000a1f   Thumb Code    10  defsig_exit.o(.text)
    __rt_SIGRTRED                            0x08000a29   Thumb Code    14  defsig_rtred_outer.o(.text)
    __rt_SIGRTMEM_inner                      0x08000a39   Thumb Code    22  defsig_rtmem_inner.o(.text)
    _sys_exit                                0x08000a89   Thumb Code     8  sys_exit.o(.text)
    _fseek                                   0x08000a95   Thumb Code   242  fseek.o(.text)
    fseek                                    0x08000a95   Thumb Code     0  fseek.o(.text)
    _seterr                                  0x08000b8d   Thumb Code    20  stdio.o(.text)
    _writebuf                                0x08000ba1   Thumb Code    84  stdio.o(.text)
    _fflush                                  0x08000bf5   Thumb Code    70  stdio.o(.text)
    _deferredlazyseek                        0x08000c3b   Thumb Code    60  stdio.o(.text)
    __default_signal_display                 0x08000c7d   Thumb Code    50  defsig_general.o(.text)
    __rt_SIGRTRED_inner                      0x08000cb1   Thumb Code    14  defsig_rtred_inner.o(.text)
    _ttywrch                                 0x08000ce5   Thumb Code    14  sys_wrch.o(.text)
    _ftell_internal                          0x08000cf3   Thumb Code    66  ftell.o(.text)
    ftell                                    0x08000cf3   Thumb Code     0  ftell.o(.text)
    __aeabi_errno_addr                       0x08000d35   Thumb Code     8  rt_errno_addr_intlibspace.o(.text)
    __errno$intlibspace                      0x08000d35   Thumb Code     0  rt_errno_addr_intlibspace.o(.text)
    __rt_errno_addr$intlibspace              0x08000d35   Thumb Code     0  rt_errno_addr_intlibspace.o(.text)
    BusFault_Handler                         0x08000d3d   Thumb Code     2  stm32f1xx_it.o(i.BusFault_Handler)
    DebugMon_Handler                         0x08000d3f   Thumb Code     2  stm32f1xx_it.o(i.DebugMon_Handler)
    Error_Handler                            0x08000d41   Thumb Code     4  main.o(i.Error_Handler)
    HAL_DMA_Abort                            0x08000d45   Thumb Code    70  stm32f1xx_hal_dma.o(i.HAL_DMA_Abort)
    HAL_DMA_Abort_IT                         0x08000d8d   Thumb Code   148  stm32f1xx_hal_dma.o(i.HAL_DMA_Abort_IT)
    HAL_GPIO_Init                            0x08000e25   Thumb Code   446  stm32f1xx_hal_gpio.o(i.HAL_GPIO_Init)
    HAL_GPIO_WritePin                        0x08001005   Thumb Code    10  stm32f1xx_hal_gpio.o(i.HAL_GPIO_WritePin)
    HAL_GetTick                              0x08001011   Thumb Code     6  stm32f1xx_hal.o(i.HAL_GetTick)
    HAL_IncTick                              0x0800101d   Thumb Code    12  stm32f1xx_hal.o(i.HAL_IncTick)
    HAL_Init                                 0x0800102d   Thumb Code    32  stm32f1xx_hal.o(i.HAL_Init)
    HAL_InitTick                             0x08001051   Thumb Code    54  stm32f1xx_hal.o(i.HAL_InitTick)
    HAL_MspInit                              0x08001091   Thumb Code    52  stm32f1xx_hal_msp.o(i.HAL_MspInit)
    HAL_NVIC_EnableIRQ                       0x080010cd   Thumb Code    26  stm32f1xx_hal_cortex.o(i.HAL_NVIC_EnableIRQ)
    HAL_NVIC_SetPriority                     0x080010e9   Thumb Code    60  stm32f1xx_hal_cortex.o(i.HAL_NVIC_SetPriority)
    HAL_NVIC_SetPriorityGrouping             0x08001129   Thumb Code    26  stm32f1xx_hal_cortex.o(i.HAL_NVIC_SetPriorityGrouping)
    HAL_RCC_ClockConfig                      0x0800114d   Thumb Code   280  stm32f1xx_hal_rcc.o(i.HAL_RCC_ClockConfig)
    HAL_RCC_GetPCLK1Freq                     0x08001279   Thumb Code    20  stm32f1xx_hal_rcc.o(i.HAL_RCC_GetPCLK1Freq)
    HAL_RCC_GetPCLK2Freq                     0x08001299   Thumb Code    20  stm32f1xx_hal_rcc.o(i.HAL_RCC_GetPCLK2Freq)
    HAL_RCC_GetSysClockFreq                  0x080012b9   Thumb Code    74  stm32f1xx_hal_rcc.o(i.HAL_RCC_GetSysClockFreq)
    HAL_RCC_OscConfig                        0x08001325   Thumb Code   778  stm32f1xx_hal_rcc.o(i.HAL_RCC_OscConfig)
    HAL_SPI_Init                             0x08001645   Thumb Code   178  stm32f1xx_hal_spi.o(i.HAL_SPI_Init)
    HAL_SPI_MspInit                          0x080016f9   Thumb Code   102  spi.o(i.HAL_SPI_MspInit)
    HAL_SYSTICK_Config                       0x0800176d   Thumb Code    40  stm32f1xx_hal_cortex.o(i.HAL_SYSTICK_Config)
    HAL_TIMEx_MasterConfigSynchronization    0x08001795   Thumb Code    92  stm32f1xx_hal_tim_ex.o(i.HAL_TIMEx_MasterConfigSynchronization)
    HAL_TIM_MspPostInit                      0x080017fd   Thumb Code    80  tim.o(i.HAL_TIM_MspPostInit)
    HAL_TIM_PWM_ConfigChannel                0x08001859   Thumb Code   198  stm32f1xx_hal_tim.o(i.HAL_TIM_PWM_ConfigChannel)
    HAL_TIM_PWM_Init                         0x0800191f   Thumb Code    90  stm32f1xx_hal_tim.o(i.HAL_TIM_PWM_Init)
    HAL_TIM_PWM_MspInit                      0x08001979   Thumb Code    30  tim.o(i.HAL_TIM_PWM_MspInit)
    HAL_UARTEx_RxEventCallback               0x0800199d   Thumb Code     2  stm32f1xx_hal_uart.o(i.HAL_UARTEx_RxEventCallback)
    HAL_UART_ErrorCallback                   0x0800199f   Thumb Code     2  stm32f1xx_hal_uart.o(i.HAL_UART_ErrorCallback)
    HAL_UART_IRQHandler                      0x080019a1   Thumb Code   520  stm32f1xx_hal_uart.o(i.HAL_UART_IRQHandler)
    HAL_UART_Init                            0x08001bad   Thumb Code    98  stm32f1xx_hal_uart.o(i.HAL_UART_Init)
    HAL_UART_MspInit                         0x08001c11   Thumb Code   186  usart.o(i.HAL_UART_MspInit)
    HAL_UART_Receive_IT                      0x08001cdd   Thumb Code    42  stm32f1xx_hal_uart.o(i.HAL_UART_Receive_IT)
    HAL_UART_RxCpltCallback                  0x08001d09   Thumb Code    90  esp8266.o(i.HAL_UART_RxCpltCallback)
    HAL_UART_Transmit                        0x08001d85   Thumb Code   178  stm32f1xx_hal_uart.o(i.HAL_UART_Transmit)
    HAL_UART_TxCpltCallback                  0x08001e37   Thumb Code     2  stm32f1xx_hal_uart.o(i.HAL_UART_TxCpltCallback)
    HardFault_Handler                        0x08001e39   Thumb Code     2  stm32f1xx_it.o(i.HardFault_Handler)
    MX_GPIO_Init                             0x08001e3d   Thumb Code   152  gpio.o(i.MX_GPIO_Init)
    MX_SPI2_Init                             0x08001ee1   Thumb Code    60  spi.o(i.MX_SPI2_Init)
    MX_TIM2_Init                             0x08001f25   Thumb Code   108  tim.o(i.MX_TIM2_Init)
    MX_USART1_UART_Init                      0x08001f95   Thumb Code    48  usart.o(i.MX_USART1_UART_Init)
    MX_USART2_UART_Init                      0x08001fcd   Thumb Code    48  usart.o(i.MX_USART2_UART_Init)
    MemManage_Handler                        0x08002005   Thumb Code     2  stm32f1xx_it.o(i.MemManage_Handler)
    NMI_Handler                              0x08002007   Thumb Code     2  stm32f1xx_it.o(i.NMI_Handler)
    PendSV_Handler                           0x08002009   Thumb Code     2  stm32f1xx_it.o(i.PendSV_Handler)
    SVC_Handler                              0x0800200b   Thumb Code     2  stm32f1xx_it.o(i.SVC_Handler)
    SysTick_Handler                          0x0800200d   Thumb Code     4  stm32f1xx_it.o(i.SysTick_Handler)
    SystemClock_Config                       0x08002011   Thumb Code    94  main.o(i.SystemClock_Config)
    SystemInit                               0x0800206f   Thumb Code     2  system_stm32f1xx.o(i.SystemInit)
    TIM_Base_SetConfig                       0x08002071   Thumb Code    94  stm32f1xx_hal_tim.o(i.TIM_Base_SetConfig)
    TIM_OC2_SetConfig                        0x0800212d   Thumb Code    84  stm32f1xx_hal_tim.o(i.TIM_OC2_SetConfig)
    UART_Start_Receive_IT                    0x080023d1   Thumb Code    54  stm32f1xx_hal_uart.o(i.UART_Start_Receive_IT)
    USART2_IRQHandler                        0x0800246d   Thumb Code     6  stm32f1xx_it.o(i.USART2_IRQHandler)
    UsageFault_Handler                       0x08002479   Thumb Code     2  stm32f1xx_it.o(i.UsageFault_Handler)
    _is_digit                                0x0800249b   Thumb Code    14  __printf_wp.o(i._is_digit)
    fputc                                    0x080024a9   Thumb Code    18  usart.o(i.fputc)
    main                                     0x080024c1   Thumb Code    40  main.o(i.main)
    AHBPrescTable                            0x080024f0   Data          16  system_stm32f1xx.o(.constdata)
    APBPrescTable                            0x08002500   Data           8  system_stm32f1xx.o(.constdata)
    __stdin_name                             0x08002508   Data           4  sys_io.o(.constdata)
    __stdout_name                            0x0800250c   Data           4  sys_io.o(.constdata)
    __stderr_name                            0x08002510   Data           4  sys_io.o(.constdata)
    Region$$Table$$Base                      0x08002514   Number         0  anon$$obj.o(Region$$Table)
    Region$$Table$$Limit                     0x08002534   Number         0  anon$$obj.o(Region$$Table)
    uwTickFreq                               0x20000000   Data           1  stm32f1xx_hal.o(.data)
    uwTickPrio                               0x20000004   Data           4  stm32f1xx_hal.o(.data)
    uwTick                                   0x20000008   Data           4  stm32f1xx_hal.o(.data)
    SystemCoreClock                          0x2000000c   Data           4  system_stm32f1xx.o(.data)
    ch                                       0x20000010   Data           1  esp8266.o(.data)
    i                                        0x20000011   Data           1  esp8266.o(.data)
    j                                        0x20000012   Data           1  esp8266.o(.data)
    esp8266_cnt                              0x20000014   Data           2  esp8266.o(.data)
    esp8266_cntPre                           0x20000016   Data           2  esp8266.o(.data)
    phone_ssid_pwd                           0x20000018   Data           4  esp8266.o(.data)
    remoteip                                 0x2000001c   Data           4  esp8266.o(.data)
    WarningStr                               0x20000020   Data          25  esp8266.o(.data)
    __aeabi_stdin                            0x2000003c   Data           4  stdio_streams.o(.data)
    __aeabi_stdout                           0x20000040   Data           4  stdio_streams.o(.data)
    __aeabi_stderr                           0x20000044   Data           4  stdio_streams.o(.data)
    hspi2                                    0x20000048   Data          88  spi.o(.bss)
    htim2                                    0x200000a0   Data          72  tim.o(.bss)
    huart1                                   0x200000e8   Data          68  usart.o(.bss)
    huart2                                   0x2000012c   Data          68  usart.o(.bss)
    esp8266_buf                              0x20000170   Data         128  esp8266.o(.bss)
    esp8266_APIP                             0x200001f0   Data          16  esp8266.o(.bss)
    __stdin                                  0x20000200   Data          84  stdio_streams.o(.bss)
    __stdout                                 0x20000254   Data          84  stdio_streams.o(.bss)
    __stderr                                 0x200002a8   Data          84  stdio_streams.o(.bss)
    __libspace_start                         0x200002fc   Data          96  libspace.o(.bss)
    __temporary_stack_top$libspace           0x2000035c   Data           0  libspace.o(.bss)



==============================================================================

Memory Map of the image

  Image Entry point : 0x080000ed

  Load Region LR_IROM1 (Base: 0x08000000, Size: 0x0000257c, Max: 0x00010000, ABSOLUTE)

    Execution Region ER_IROM1 (Exec base: 0x08000000, Load base: 0x08000000, Size: 0x00002534, Max: 0x00010000, ABSOLUTE)

    Exec Addr    Load Addr    Size         Type   Attr      Idx    E Section Name        Object

    0x08000000   0x08000000   0x000000ec   Data   RO            3    RESET               startup_stm32f103xb.o
    0x080000ec   0x080000ec   0x00000008   Code   RO         3823  * !!!main             c_w.l(__main.o)
    0x080000f4   0x080000f4   0x00000034   Code   RO         4132    !!!scatter          c_w.l(__scatter.o)
    0x08000128   0x08000128   0x0000001a   Code   RO         4134    !!handler_copy      c_w.l(__scatter_copy.o)
    0x08000142   0x08000142   0x00000002   PAD
    0x08000144   0x08000144   0x0000001c   Code   RO         4136    !!handler_zi        c_w.l(__scatter_zi.o)
    0x08000160   0x08000160   0x00000000   Code   RO         3808    .ARM.Collect$$_printf_percent$$00000000  c_w.l(_printf_percent.o)
    0x08000160   0x08000160   0x00000006   Code   RO         3805    .ARM.Collect$$_printf_percent$$00000014  c_w.l(_printf_s.o)
    0x08000166   0x08000166   0x00000004   Code   RO         3867    .ARM.Collect$$_printf_percent$$00000017  c_w.l(_printf_percent_end.o)
    0x0800016a   0x0800016a   0x00000002   Code   RO         4060    .ARM.Collect$$libinit$$00000000  c_w.l(libinit.o)
    0x0800016c   0x0800016c   0x00000000   Code   RO         3879    .ARM.Collect$$libinit$$00000002  c_w.l(libinit2.o)
    0x0800016c   0x0800016c   0x00000000   Code   RO         3881    .ARM.Collect$$libinit$$00000004  c_w.l(libinit2.o)
    0x0800016c   0x0800016c   0x00000008   Code   RO         3882    .ARM.Collect$$libinit$$00000005  c_w.l(libinit2.o)
    0x08000174   0x08000174   0x00000000   Code   RO         3884    .ARM.Collect$$libinit$$0000000A  c_w.l(libinit2.o)
    0x08000174   0x08000174   0x00000000   Code   RO         3886    .ARM.Collect$$libinit$$0000000C  c_w.l(libinit2.o)
    0x08000174   0x08000174   0x00000000   Code   RO         3888    .ARM.Collect$$libinit$$0000000E  c_w.l(libinit2.o)
    0x08000174   0x08000174   0x00000000   Code   RO         3891    .ARM.Collect$$libinit$$00000011  c_w.l(libinit2.o)
    0x08000174   0x08000174   0x00000000   Code   RO         3893    .ARM.Collect$$libinit$$00000013  c_w.l(libinit2.o)
    0x08000174   0x08000174   0x00000000   Code   RO         3895    .ARM.Collect$$libinit$$00000015  c_w.l(libinit2.o)
    0x08000174   0x08000174   0x00000000   Code   RO         3897    .ARM.Collect$$libinit$$00000017  c_w.l(libinit2.o)
    0x08000174   0x08000174   0x00000000   Code   RO         3899    .ARM.Collect$$libinit$$00000019  c_w.l(libinit2.o)
    0x08000174   0x08000174   0x00000000   Code   RO         3901    .ARM.Collect$$libinit$$0000001B  c_w.l(libinit2.o)
    0x08000174   0x08000174   0x00000000   Code   RO         3903    .ARM.Collect$$libinit$$0000001D  c_w.l(libinit2.o)
    0x08000174   0x08000174   0x00000000   Code   RO         3905    .ARM.Collect$$libinit$$0000001F  c_w.l(libinit2.o)
    0x08000174   0x08000174   0x00000000   Code   RO         3907    .ARM.Collect$$libinit$$00000021  c_w.l(libinit2.o)
    0x08000174   0x08000174   0x00000000   Code   RO         3909    .ARM.Collect$$libinit$$00000023  c_w.l(libinit2.o)
    0x08000174   0x08000174   0x00000004   Code   RO         3910    .ARM.Collect$$libinit$$00000024  c_w.l(libinit2.o)
    0x08000178   0x08000178   0x00000000   Code   RO         3911    .ARM.Collect$$libinit$$00000025  c_w.l(libinit2.o)
    0x08000178   0x08000178   0x00000000   Code   RO         3915    .ARM.Collect$$libinit$$0000002C  c_w.l(libinit2.o)
    0x08000178   0x08000178   0x00000000   Code   RO         3917    .ARM.Collect$$libinit$$0000002E  c_w.l(libinit2.o)
    0x08000178   0x08000178   0x00000000   Code   RO         3919    .ARM.Collect$$libinit$$00000030  c_w.l(libinit2.o)
    0x08000178   0x08000178   0x00000000   Code   RO         3921    .ARM.Collect$$libinit$$00000032  c_w.l(libinit2.o)
    0x08000178   0x08000178   0x00000002   Code   RO         3922    .ARM.Collect$$libinit$$00000033  c_w.l(libinit2.o)
    0x0800017a   0x0800017a   0x00000002   Code   RO         4129    .ARM.Collect$$libshutdown$$00000000  c_w.l(libshutdown.o)
    0x0800017c   0x0800017c   0x00000000   Code   RO         4062    .ARM.Collect$$libshutdown$$00000002  c_w.l(libshutdown2.o)
    0x0800017c   0x0800017c   0x00000004   Code   RO         4063    .ARM.Collect$$libshutdown$$00000003  c_w.l(libshutdown2.o)
    0x08000180   0x08000180   0x00000000   Code   RO         4064    .ARM.Collect$$libshutdown$$00000004  c_w.l(libshutdown2.o)
    0x08000180   0x08000180   0x00000000   Code   RO         4067    .ARM.Collect$$libshutdown$$00000007  c_w.l(libshutdown2.o)
    0x08000180   0x08000180   0x00000000   Code   RO         4070    .ARM.Collect$$libshutdown$$0000000A  c_w.l(libshutdown2.o)
    0x08000180   0x08000180   0x00000000   Code   RO         4072    .ARM.Collect$$libshutdown$$0000000C  c_w.l(libshutdown2.o)
    0x08000180   0x08000180   0x00000000   Code   RO         4075    .ARM.Collect$$libshutdown$$0000000F  c_w.l(libshutdown2.o)
    0x08000180   0x08000180   0x00000002   Code   RO         4076    .ARM.Collect$$libshutdown$$00000010  c_w.l(libshutdown2.o)
    0x08000182   0x08000182   0x00000000   Code   RO         3829    .ARM.Collect$$rtentry$$00000000  c_w.l(__rtentry.o)
    0x08000182   0x08000182   0x00000000   Code   RO         3929    .ARM.Collect$$rtentry$$00000002  c_w.l(__rtentry2.o)
    0x08000182   0x08000182   0x00000006   Code   RO         3941    .ARM.Collect$$rtentry$$00000004  c_w.l(__rtentry4.o)
    0x08000188   0x08000188   0x00000000   Code   RO         3931    .ARM.Collect$$rtentry$$00000009  c_w.l(__rtentry2.o)
    0x08000188   0x08000188   0x00000004   Code   RO         3932    .ARM.Collect$$rtentry$$0000000A  c_w.l(__rtentry2.o)
    0x0800018c   0x0800018c   0x00000000   Code   RO         3934    .ARM.Collect$$rtentry$$0000000C  c_w.l(__rtentry2.o)
    0x0800018c   0x0800018c   0x00000008   Code   RO         3935    .ARM.Collect$$rtentry$$0000000D  c_w.l(__rtentry2.o)
    0x08000194   0x08000194   0x00000002   Code   RO         4079    .ARM.Collect$$rtexit$$00000000  c_w.l(rtexit.o)
    0x08000196   0x08000196   0x00000000   Code   RO         4098    .ARM.Collect$$rtexit$$00000002  c_w.l(rtexit2.o)
    0x08000196   0x08000196   0x00000004   Code   RO         4099    .ARM.Collect$$rtexit$$00000003  c_w.l(rtexit2.o)
    0x0800019a   0x0800019a   0x00000006   Code   RO         4100    .ARM.Collect$$rtexit$$00000004  c_w.l(rtexit2.o)
    0x080001a0   0x080001a0   0x00000000   Code   RO         3950    .emb_text           c_w.l(maybetermalloc1.o)
    0x080001a0   0x080001a0   0x00000040   Code   RO            4    .text               startup_stm32f103xb.o
    0x080001e0   0x080001e0   0x0000005e   Code   RO         3711    .text               c_w.l(h1_alloc.o)
    0x0800023e   0x0800023e   0x0000004e   Code   RO         3713    .text               c_w.l(h1_free.o)
    0x0800028c   0x0800028c   0x00000018   Code   RO         3775    .text               c_w.l(noretval__2printf.o)
    0x080002a4   0x080002a4   0x00000052   Code   RO         3781    .text               c_w.l(_printf_str.o)
    0x080002f6   0x080002f6   0x00000160   Code   RO         3800    .text               c_w.l(__printf_ss_wp.o)
    0x08000456   0x08000456   0x0000003e   Code   RO         3813    .text               c_w.l(strlen.o)
    0x08000494   0x08000494   0x00000044   Code   RO         3817    .text               c_w.l(rt_memclr.o)
    0x080004d8   0x080004d8   0x0000004e   Code   RO         3819    .text               c_w.l(rt_memclr_w.o)
    0x08000526   0x08000526   0x00000006   Code   RO         3821    .text               c_w.l(heapauxi.o)
    0x0800052c   0x0800052c   0x00000008   Code   RO         3833    .text               c_w.l(rt_heap_descriptor_intlibspace.o)
    0x08000534   0x08000534   0x00000004   Code   RO         3835    .text               c_w.l(hguard.o)
    0x08000538   0x08000538   0x0000008a   Code   RO         3837    .text               c_w.l(init_alloc.o)
    0x080005c2   0x080005c2   0x0000000e   Code   RO         3841    .text               c_w.l(h1_init.o)
    0x080005d0   0x080005d0   0x00000030   Code   RO         3859    .text               c_w.l(_printf_char_common.o)
    0x08000600   0x08000600   0x0000002c   Code   RO         3863    .text               c_w.l(_printf_char.o)
    0x0800062c   0x0800062c   0x00000024   Code   RO         3865    .text               c_w.l(_printf_char_file.o)
    0x08000650   0x08000650   0x00000008   Code   RO         3925    .text               c_w.l(libspace.o)
    0x08000658   0x08000658   0x00000034   Code   RO         3952    .text               c_w.l(h1_extend.o)
    0x0800068c   0x0800068c   0x00000008   Code   RO         3987    .text               c_w.l(ferror.o)
    0x08000694   0x08000694   0x00000138   Code   RO         3989    .text               c_w.l(initio.o)
    0x080007cc   0x080007cc   0x0000000e   Code   RO         3998    .text               c_w.l(defsig_rtmem_outer.o)
    0x080007da   0x080007da   0x00000066   Code   RO         4014    .text               c_w.l(sys_io.o)
    0x08000840   0x08000840   0x00000002   Code   RO         4019    .text               c_w.l(use_no_semi.o)
    0x08000842   0x08000842   0x00000000   Code   RO         4021    .text               c_w.l(indicate_semi.o)
    0x08000842   0x08000842   0x0000004a   Code   RO         4022    .text               c_w.l(sys_stackheap_outer.o)
    0x0800088c   0x0800088c   0x00000046   Code   RO         4028    .text               c_w.l(setvbuf.o)
    0x080008d2   0x080008d2   0x00000002   PAD
    0x080008d4   0x080008d4   0x000000ec   Code   RO         4031    .text               c_w.l(fopen.o)
    0x080009c0   0x080009c0   0x0000004c   Code   RO         4033    .text               c_w.l(fclose.o)
    0x08000a0c   0x08000a0c   0x00000012   Code   RO         4039    .text               c_w.l(exit.o)
    0x08000a1e   0x08000a1e   0x0000000a   Code   RO         4041    .text               c_w.l(defsig_exit.o)
    0x08000a28   0x08000a28   0x0000000e   Code   RO         4043    .text               c_w.l(defsig_rtred_outer.o)
    0x08000a36   0x08000a36   0x00000002   PAD
    0x08000a38   0x08000a38   0x00000050   Code   RO         4047    .text               c_w.l(defsig_rtmem_inner.o)
    0x08000a88   0x08000a88   0x0000000c   Code   RO         4077    .text               c_w.l(sys_exit.o)
    0x08000a94   0x08000a94   0x000000f8   Code   RO         4085    .text               c_w.l(fseek.o)
    0x08000b8c   0x08000b8c   0x000000f0   Code   RO         4087    .text               c_w.l(stdio.o)
    0x08000c7c   0x08000c7c   0x00000032   Code   RO         4091    .text               c_w.l(defsig_general.o)
    0x08000cae   0x08000cae   0x00000002   PAD
    0x08000cb0   0x08000cb0   0x00000034   Code   RO         4093    .text               c_w.l(defsig_rtred_inner.o)
    0x08000ce4   0x08000ce4   0x0000000e   Code   RO         4095    .text               c_w.l(sys_wrch.o)
    0x08000cf2   0x08000cf2   0x00000042   Code   RO         4104    .text               c_w.l(ftell.o)
    0x08000d34   0x08000d34   0x00000008   Code   RO         4111    .text               c_w.l(rt_errno_addr_intlibspace.o)
    0x08000d3c   0x08000d3c   0x00000002   Code   RO          377    i.BusFault_Handler  stm32f1xx_it.o
    0x08000d3e   0x08000d3e   0x00000002   Code   RO          378    i.DebugMon_Handler  stm32f1xx_it.o
    0x08000d40   0x08000d40   0x00000004   Code   RO          134    i.Error_Handler     main.o
    0x08000d44   0x08000d44   0x00000046   Code   RO         1220    i.HAL_DMA_Abort     stm32f1xx_hal_dma.o
    0x08000d8a   0x08000d8a   0x00000002   PAD
    0x08000d8c   0x08000d8c   0x00000098   Code   RO         1221    i.HAL_DMA_Abort_IT  stm32f1xx_hal_dma.o
    0x08000e24   0x08000e24   0x000001e0   Code   RO         1156    i.HAL_GPIO_Init     stm32f1xx_hal_gpio.o
    0x08001004   0x08001004   0x0000000a   Code   RO         1160    i.HAL_GPIO_WritePin  stm32f1xx_hal_gpio.o
    0x0800100e   0x0800100e   0x00000002   PAD
    0x08001010   0x08001010   0x0000000c   Code   RO          852    i.HAL_GetTick       stm32f1xx_hal.o
    0x0800101c   0x0800101c   0x00000010   Code   RO          858    i.HAL_IncTick       stm32f1xx_hal.o
    0x0800102c   0x0800102c   0x00000024   Code   RO          859    i.HAL_Init          stm32f1xx_hal.o
    0x08001050   0x08001050   0x00000040   Code   RO          860    i.HAL_InitTick      stm32f1xx_hal.o
    0x08001090   0x08001090   0x0000003c   Code   RO          459    i.HAL_MspInit       stm32f1xx_hal_msp.o
    0x080010cc   0x080010cc   0x0000001a   Code   RO         1316    i.HAL_NVIC_EnableIRQ  stm32f1xx_hal_cortex.o
    0x080010e6   0x080010e6   0x00000002   PAD
    0x080010e8   0x080010e8   0x00000040   Code   RO         1322    i.HAL_NVIC_SetPriority  stm32f1xx_hal_cortex.o
    0x08001128   0x08001128   0x00000024   Code   RO         1323    i.HAL_NVIC_SetPriorityGrouping  stm32f1xx_hal_cortex.o
    0x0800114c   0x0800114c   0x0000012c   Code   RO         1016    i.HAL_RCC_ClockConfig  stm32f1xx_hal_rcc.o
    0x08001278   0x08001278   0x00000020   Code   RO         1023    i.HAL_RCC_GetPCLK1Freq  stm32f1xx_hal_rcc.o
    0x08001298   0x08001298   0x00000020   Code   RO         1024    i.HAL_RCC_GetPCLK2Freq  stm32f1xx_hal_rcc.o
    0x080012b8   0x080012b8   0x0000006c   Code   RO         1025    i.HAL_RCC_GetSysClockFreq  stm32f1xx_hal_rcc.o
    0x08001324   0x08001324   0x00000320   Code   RO         1028    i.HAL_RCC_OscConfig  stm32f1xx_hal_rcc.o
    0x08001644   0x08001644   0x000000b2   Code   RO          530    i.HAL_SPI_Init      stm32f1xx_hal_spi.o
    0x080016f6   0x080016f6   0x00000002   PAD
    0x080016f8   0x080016f8   0x00000074   Code   RO          224    i.HAL_SPI_MspInit   spi.o
    0x0800176c   0x0800176c   0x00000028   Code   RO         1327    i.HAL_SYSTICK_Config  stm32f1xx_hal_cortex.o
    0x08001794   0x08001794   0x00000068   Code   RO         2541    i.HAL_TIMEx_MasterConfigSynchronization  stm32f1xx_hal_tim_ex.o
    0x080017fc   0x080017fc   0x0000005c   Code   RO          265    i.HAL_TIM_MspPostInit  tim.o
    0x08001858   0x08001858   0x000000c6   Code   RO         1890    i.HAL_TIM_PWM_ConfigChannel  stm32f1xx_hal_tim.o
    0x0800191e   0x0800191e   0x0000005a   Code   RO         1893    i.HAL_TIM_PWM_Init  stm32f1xx_hal_tim.o
    0x08001978   0x08001978   0x00000024   Code   RO          267    i.HAL_TIM_PWM_MspInit  tim.o
    0x0800199c   0x0800199c   0x00000002   Code   RO         2800    i.HAL_UARTEx_RxEventCallback  stm32f1xx_hal_uart.o
    0x0800199e   0x0800199e   0x00000002   Code   RO         2814    i.HAL_UART_ErrorCallback  stm32f1xx_hal_uart.o
    0x080019a0   0x080019a0   0x0000020c   Code   RO         2817    i.HAL_UART_IRQHandler  stm32f1xx_hal_uart.o
    0x08001bac   0x08001bac   0x00000062   Code   RO         2818    i.HAL_UART_Init     stm32f1xx_hal_uart.o
    0x08001c0e   0x08001c0e   0x00000002   PAD
    0x08001c10   0x08001c10   0x000000cc   Code   RO          314    i.HAL_UART_MspInit  usart.o
    0x08001cdc   0x08001cdc   0x0000002a   Code   RO         2823    i.HAL_UART_Receive_IT  stm32f1xx_hal_uart.o
    0x08001d06   0x08001d06   0x00000002   PAD
    0x08001d08   0x08001d08   0x0000007c   Code   RO         3191    i.HAL_UART_RxCpltCallback  esp8266.o
    0x08001d84   0x08001d84   0x000000b2   Code   RO         2826    i.HAL_UART_Transmit  stm32f1xx_hal_uart.o
    0x08001e36   0x08001e36   0x00000002   Code   RO         2829    i.HAL_UART_TxCpltCallback  stm32f1xx_hal_uart.o
    0x08001e38   0x08001e38   0x00000002   Code   RO          379    i.HardFault_Handler  stm32f1xx_it.o
    0x08001e3a   0x08001e3a   0x00000002   PAD
    0x08001e3c   0x08001e3c   0x000000a4   Code   RO          199    i.MX_GPIO_Init      gpio.o
    0x08001ee0   0x08001ee0   0x00000044   Code   RO          225    i.MX_SPI2_Init      spi.o
    0x08001f24   0x08001f24   0x00000070   Code   RO          268    i.MX_TIM2_Init      tim.o
    0x08001f94   0x08001f94   0x00000038   Code   RO          315    i.MX_USART1_UART_Init  usart.o
    0x08001fcc   0x08001fcc   0x00000038   Code   RO          316    i.MX_USART2_UART_Init  usart.o
    0x08002004   0x08002004   0x00000002   Code   RO          380    i.MemManage_Handler  stm32f1xx_it.o
    0x08002006   0x08002006   0x00000002   Code   RO          381    i.NMI_Handler       stm32f1xx_it.o
    0x08002008   0x08002008   0x00000002   Code   RO          382    i.PendSV_Handler    stm32f1xx_it.o
    0x0800200a   0x0800200a   0x00000002   Code   RO          383    i.SVC_Handler       stm32f1xx_it.o
    0x0800200c   0x0800200c   0x00000004   Code   RO          384    i.SysTick_Handler   stm32f1xx_it.o
    0x08002010   0x08002010   0x0000005e   Code   RO          135    i.SystemClock_Config  main.o
    0x0800206e   0x0800206e   0x00000002   Code   RO         3147    i.SystemInit        system_stm32f1xx.o
    0x08002070   0x08002070   0x0000006c   Code   RO         1911    i.TIM_Base_SetConfig  stm32f1xx_hal_tim.o
    0x080020dc   0x080020dc   0x00000050   Code   RO         1924    i.TIM_OC1_SetConfig  stm32f1xx_hal_tim.o
    0x0800212c   0x0800212c   0x00000058   Code   RO         1925    i.TIM_OC2_SetConfig  stm32f1xx_hal_tim.o
    0x08002184   0x08002184   0x00000058   Code   RO         1926    i.TIM_OC3_SetConfig  stm32f1xx_hal_tim.o
    0x080021dc   0x080021dc   0x00000044   Code   RO         1927    i.TIM_OC4_SetConfig  stm32f1xx_hal_tim.o
    0x08002220   0x08002220   0x00000010   Code   RO         2831    i.UART_DMAAbortOnError  stm32f1xx_hal_uart.o
    0x08002230   0x08002230   0x00000030   Code   RO         2841    i.UART_EndRxTransfer  stm32f1xx_hal_uart.o
    0x08002260   0x08002260   0x000000b6   Code   RO         2843    i.UART_Receive_IT   stm32f1xx_hal_uart.o
    0x08002316   0x08002316   0x00000002   PAD
    0x08002318   0x08002318   0x000000b8   Code   RO         2844    i.UART_SetConfig    stm32f1xx_hal_uart.o
    0x080023d0   0x080023d0   0x00000036   Code   RO         2846    i.UART_Start_Receive_IT  stm32f1xx_hal_uart.o
    0x08002406   0x08002406   0x00000064   Code   RO         2847    i.UART_WaitOnFlagUntilTimeout  stm32f1xx_hal_uart.o
    0x0800246a   0x0800246a   0x00000002   PAD
    0x0800246c   0x0800246c   0x0000000c   Code   RO          385    i.USART2_IRQHandler  stm32f1xx_it.o
    0x08002478   0x08002478   0x00000002   Code   RO          386    i.UsageFault_Handler  stm32f1xx_it.o
    0x0800247a   0x0800247a   0x00000020   Code   RO         1329    i.__NVIC_SetPriority  stm32f1xx_hal_cortex.o
    0x0800249a   0x0800249a   0x0000000e   Code   RO         3795    i._is_digit         c_w.l(__printf_wp.o)
    0x080024a8   0x080024a8   0x00000018   Code   RO          317    i.fputc             usart.o
    0x080024c0   0x080024c0   0x00000030   Code   RO          136    i.main              main.o
    0x080024f0   0x080024f0   0x00000010   Data   RO         3148    .constdata          system_stm32f1xx.o
    0x08002500   0x08002500   0x00000008   Data   RO         3149    .constdata          system_stm32f1xx.o
    0x08002508   0x08002508   0x00000004   Data   RO         4015    .constdata          c_w.l(sys_io.o)
    0x0800250c   0x0800250c   0x00000004   Data   RO         4016    .constdata          c_w.l(sys_io.o)
    0x08002510   0x08002510   0x00000004   Data   RO         4017    .constdata          c_w.l(sys_io.o)
    0x08002514   0x08002514   0x00000020   Data   RO         4130    Region$$Table       anon$$obj.o


    Execution Region RW_IRAM1 (Exec base: 0x20000000, Load base: 0x08002534, Size: 0x00000960, Max: 0x00005000, ABSOLUTE)

    Exec Addr    Load Addr    Size         Type   Attr      Idx    E Section Name        Object

    0x20000000   0x08002534   0x0000000c   Data   RW          866    .data               stm32f1xx_hal.o
    0x2000000c   0x08002540   0x00000004   Data   RW         3150    .data               system_stm32f1xx.o
    0x20000010   0x08002544   0x00000029   Data   RW         3193    .data               esp8266.o
    0x20000039   0x0800256d   0x00000003   PAD
    0x2000003c   0x08002570   0x00000004   Data   RW         3871    .data               c_w.l(stdio_streams.o)
    0x20000040   0x08002574   0x00000004   Data   RW         3872    .data               c_w.l(stdio_streams.o)
    0x20000044   0x08002578   0x00000004   Data   RW         3873    .data               c_w.l(stdio_streams.o)
    0x20000048        -       0x00000058   Zero   RW          226    .bss                spi.o
    0x200000a0        -       0x00000048   Zero   RW          269    .bss                tim.o
    0x200000e8        -       0x00000088   Zero   RW          318    .bss                usart.o
    0x20000170        -       0x00000090   Zero   RW         3192    .bss                esp8266.o
    0x20000200        -       0x00000054   Zero   RW         3868    .bss                c_w.l(stdio_streams.o)
    0x20000254        -       0x00000054   Zero   RW         3869    .bss                c_w.l(stdio_streams.o)
    0x200002a8        -       0x00000054   Zero   RW         3870    .bss                c_w.l(stdio_streams.o)
    0x200002fc        -       0x00000060   Zero   RW         3926    .bss                c_w.l(libspace.o)
    0x2000035c   0x0800257c   0x00000004   PAD
    0x20000360        -       0x00000200   Zero   RW            2    HEAP                startup_stm32f103xb.o
    0x20000560        -       0x00000400   Zero   RW            1    STACK               startup_stm32f103xb.o


==============================================================================

Image component sizes


      Code (inc. data)   RO Data    RW Data    ZI Data      Debug   Object Name

         0          0          0          0          0     431428   delay.o
       124         34          0         41        144       1862   esp8266.o
       164         12          0          0          0        927   gpio.o
       146          8          0          0          0       1871   main.o
       184         22          0          0         88       1573   spi.o
        64         26        236          0       1536        792   startup_stm32f103xb.o
       128         24          0         12          0       5157   stm32f1xx_hal.o
       198         14          0          0          0      28815   stm32f1xx_hal_cortex.o
       222          4          0          0          0       1711   stm32f1xx_hal_dma.o
       490         34          0          0          0       2832   stm32f1xx_hal_gpio.o
        60          8          0          0          0        830   stm32f1xx_hal_msp.o
      1272        100          0          0          0       5068   stm32f1xx_hal_rcc.o
       178          0          0          0          0       1191   stm32f1xx_hal_spi.o
       720         34          0          0          0       6254   stm32f1xx_hal_tim.o
       104         12          0          0          0       1284   stm32f1xx_hal_tim_ex.o
      1432         10          0          0          0      10244   stm32f1xx_hal_uart.o
        32          6          0          0          0       4102   stm32f1xx_it.o
         2          0         24          4          0       1059   system_stm32f1xx.o
       240         22          0          0         72       2155   tim.o
       340         40          0          0        136       4631   usart.o

    ----------------------------------------------------------------------
      6118        410        292         60       1976     513786   Object Totals
         0          0         32          0          0          0   (incl. Generated)
        18          0          0          3          0          0   (incl. Padding)

    ----------------------------------------------------------------------

      Code (inc. data)   RO Data    RW Data    ZI Data      Debug   Library Member Name

         8          0          0          0          0         68   __main.o
       352          0          0          0          0         88   __printf_ss_wp.o
        14          0          0          0          0         68   __printf_wp.o
         0          0          0          0          0          0   __rtentry.o
        12          0          0          0          0          0   __rtentry2.o
         6          0          0          0          0          0   __rtentry4.o
        52          8          0          0          0          0   __scatter.o
        26          0          0          0          0          0   __scatter_copy.o
        28          0          0          0          0          0   __scatter_zi.o
        44          0          0          0          0        108   _printf_char.o
        48          6          0          0          0         96   _printf_char_common.o
        36          4          0          0          0         80   _printf_char_file.o
         0          0          0          0          0          0   _printf_percent.o
         4          0          0          0          0          0   _printf_percent_end.o
         6          0          0          0          0          0   _printf_s.o
        82          0          0          0          0         80   _printf_str.o
        10          0          0          0          0         68   defsig_exit.o
        50          0          0          0          0         88   defsig_general.o
        80         58          0          0          0         76   defsig_rtmem_inner.o
        14          0          0          0          0         80   defsig_rtmem_outer.o
        52         38          0          0          0         76   defsig_rtred_inner.o
        14          0          0          0          0         80   defsig_rtred_outer.o
        18          0          0          0          0         80   exit.o
        76          0          0          0          0         88   fclose.o
         8          0          0          0          0         68   ferror.o
       236          4          0          0          0        128   fopen.o
       248          6          0          0          0         84   fseek.o
        66          0          0          0          0         76   ftell.o
        94          0          0          0          0         80   h1_alloc.o
        52          0          0          0          0         68   h1_extend.o
        78          0          0          0          0         80   h1_free.o
        14          0          0          0          0         84   h1_init.o
         6          0          0          0          0        152   heapauxi.o
         4          0          0          0          0        136   hguard.o
         0          0          0          0          0          0   indicate_semi.o
       138          0          0          0          0        168   init_alloc.o
       312         46          0          0          0        112   initio.o
         2          0          0          0          0          0   libinit.o
        14          0          0          0          0          0   libinit2.o
         2          0          0          0          0          0   libshutdown.o
         6          0          0          0          0          0   libshutdown2.o
         8          4          0          0         96         68   libspace.o
         0          0          0          0          0          0   maybetermalloc1.o
        24          4          0          0          0         84   noretval__2printf.o
         8          4          0          0          0         68   rt_errno_addr_intlibspace.o
         8          4          0          0          0         68   rt_heap_descriptor_intlibspace.o
        68          0          0          0          0         68   rt_memclr.o
        78          0          0          0          0         80   rt_memclr_w.o
         2          0          0          0          0          0   rtexit.o
        10          0          0          0          0          0   rtexit2.o
        70          0          0          0          0         80   setvbuf.o
       240          6          0          0          0        156   stdio.o
         0          0          0         12        252          0   stdio_streams.o
        62          0          0          0          0         76   strlen.o
        12          4          0          0          0         68   sys_exit.o
       102          0         12          0          0        240   sys_io.o
        74          0          0          0          0         80   sys_stackheap_outer.o
        14          0          0          0          0         76   sys_wrch.o
         2          0          0          0          0         68   use_no_semi.o

    ----------------------------------------------------------------------
      3102        196         12         12        352       3740   Library Totals
         8          0          0          0          4          0   (incl. Padding)

    ----------------------------------------------------------------------

      Code (inc. data)   RO Data    RW Data    ZI Data      Debug   Library Name

      3094        196         12         12        348       3740   c_w.l

    ----------------------------------------------------------------------
      3102        196         12         12        352       3740   Library Totals

    ----------------------------------------------------------------------

==============================================================================


      Code (inc. data)   RO Data    RW Data    ZI Data      Debug   

      9220        606        304         72       2328     512322   Grand Totals
      9220        606        304         72       2328     512322   ELF Image Totals
      9220        606        304         72          0          0   ROM Totals

==============================================================================

    Total RO  Size (Code + RO Data)                 9524 (   9.30kB)
    Total RW  Size (RW Data + ZI Data)              2400 (   2.34kB)
    Total ROM Size (Code + RO Data + RW Data)       9596 (   9.37kB)

==============================================================================

